Archive member included because of file (symbol)

c:/asctec_arm_sdk/winarm/bin/../lib/gcc/arm-elf/4.1.1/../../../../arm-elf/lib/thumb/interwork\libc.a(memcpy.o)
                              LL_HL_comm.o (memcpy)
c:/asctec_arm_sdk/winarm/bin/../lib/gcc/arm-elf/4.1.1/../../../../arm-elf/lib/thumb/interwork\libc.a(sprintf.o)
                              sdk_telemetry.o (sprintf)
c:/asctec_arm_sdk/winarm/bin/../lib/gcc/arm-elf/4.1.1/../../../../arm-elf/lib/thumb/interwork\libc.a(strcpy.o)
                              asctecCommIntfOnboard.o (strcpy)
c:/asctec_arm_sdk/winarm/bin/../lib/gcc/arm-elf/4.1.1/../../../../arm-elf/lib/thumb/interwork\libc.a(strlen.o)
                              asctecCommIntfOnboard.o (strlen)
c:/asctec_arm_sdk/winarm/bin/../lib/gcc/arm-elf/4.1.1/../../../../arm-elf/lib/thumb/interwork\libc.a(vfprintf.o)
                              c:/asctec_arm_sdk/winarm/bin/../lib/gcc/arm-elf/4.1.1/../../../../arm-elf/lib/thumb/interwork\libc.a(sprintf.o) (_vfprintf_r)
c:/asctec_arm_sdk/winarm/bin/../lib/gcc/arm-elf/4.1.1/../../../../arm-elf/lib/thumb/interwork\libc.a(wcrtomb.o)
                              c:/asctec_arm_sdk/winarm/bin/../lib/gcc/arm-elf/4.1.1/../../../../arm-elf/lib/thumb/interwork\libc.a(vfprintf.o) (_wcrtomb_r)
c:/asctec_arm_sdk/winarm/bin/../lib/gcc/arm-elf/4.1.1/../../../../arm-elf/lib/thumb/interwork\libc.a(wcsrtombs.o)
                              c:/asctec_arm_sdk/winarm/bin/../lib/gcc/arm-elf/4.1.1/../../../../arm-elf/lib/thumb/interwork\libc.a(vfprintf.o) (_wcsrtombs_r)
c:/asctec_arm_sdk/winarm/bin/../lib/gcc/arm-elf/4.1.1/../../../../arm-elf/lib/thumb/interwork\libc.a(wctomb_r.o)
                              c:/asctec_arm_sdk/winarm/bin/../lib/gcc/arm-elf/4.1.1/../../../../arm-elf/lib/thumb/interwork\libc.a(wcrtomb.o) (_wctomb_r)
c:/asctec_arm_sdk/winarm/bin/../lib/gcc/arm-elf/4.1.1/../../../../arm-elf/lib/thumb/interwork\libc.a(wsetup.o)
                              c:/asctec_arm_sdk/winarm/bin/../lib/gcc/arm-elf/4.1.1/../../../../arm-elf/lib/thumb/interwork\libc.a(vfprintf.o) (__swsetup)
c:/asctec_arm_sdk/winarm/bin/../lib/gcc/arm-elf/4.1.1/../../../../arm-elf/lib/thumb/interwork\libc.a(dtoa.o)
                              c:/asctec_arm_sdk/winarm/bin/../lib/gcc/arm-elf/4.1.1/../../../../arm-elf/lib/thumb/interwork\libc.a(vfprintf.o) (_dtoa_r)
c:/asctec_arm_sdk/winarm/bin/../lib/gcc/arm-elf/4.1.1/../../../../arm-elf/lib/thumb/interwork\libc.a(fflush.o)
                              c:/asctec_arm_sdk/winarm/bin/../lib/gcc/arm-elf/4.1.1/../../../../arm-elf/lib/thumb/interwork\libc.a(vfprintf.o) (fflush)
c:/asctec_arm_sdk/winarm/bin/../lib/gcc/arm-elf/4.1.1/../../../../arm-elf/lib/thumb/interwork\libc.a(findfp.o)
                              c:/asctec_arm_sdk/winarm/bin/../lib/gcc/arm-elf/4.1.1/../../../../arm-elf/lib/thumb/interwork\libc.a(vfprintf.o) (__sinit)
c:/asctec_arm_sdk/winarm/bin/../lib/gcc/arm-elf/4.1.1/../../../../arm-elf/lib/thumb/interwork\libc.a(freer.o)
                              c:/asctec_arm_sdk/winarm/bin/../lib/gcc/arm-elf/4.1.1/../../../../arm-elf/lib/thumb/interwork\libc.a(vfprintf.o) (_free_r)
c:/asctec_arm_sdk/winarm/bin/../lib/gcc/arm-elf/4.1.1/../../../../arm-elf/lib/thumb/interwork\libc.a(fvwrite.o)
                              c:/asctec_arm_sdk/winarm/bin/../lib/gcc/arm-elf/4.1.1/../../../../arm-elf/lib/thumb/interwork\libc.a(vfprintf.o) (__sfvwrite)
c:/asctec_arm_sdk/winarm/bin/../lib/gcc/arm-elf/4.1.1/../../../../arm-elf/lib/thumb/interwork\libc.a(fwalk.o)
                              c:/asctec_arm_sdk/winarm/bin/../lib/gcc/arm-elf/4.1.1/../../../../arm-elf/lib/thumb/interwork\libc.a(fflush.o) (_fwalk)
c:/asctec_arm_sdk/winarm/bin/../lib/gcc/arm-elf/4.1.1/../../../../arm-elf/lib/thumb/interwork\libc.a(impure.o)
                              c:/asctec_arm_sdk/winarm/bin/../lib/gcc/arm-elf/4.1.1/../../../../arm-elf/lib/thumb/interwork\libc.a(sprintf.o) (_impure_ptr)
c:/asctec_arm_sdk/winarm/bin/../lib/gcc/arm-elf/4.1.1/../../../../arm-elf/lib/thumb/interwork\libc.a(locale.o)
                              c:/asctec_arm_sdk/winarm/bin/../lib/gcc/arm-elf/4.1.1/../../../../arm-elf/lib/thumb/interwork\libc.a(vfprintf.o) (localeconv)
c:/asctec_arm_sdk/winarm/bin/../lib/gcc/arm-elf/4.1.1/../../../../arm-elf/lib/thumb/interwork\libc.a(makebuf.o)
                              c:/asctec_arm_sdk/winarm/bin/../lib/gcc/arm-elf/4.1.1/../../../../arm-elf/lib/thumb/interwork\libc.a(wsetup.o) (__smakebuf)
c:/asctec_arm_sdk/winarm/bin/../lib/gcc/arm-elf/4.1.1/../../../../arm-elf/lib/thumb/interwork\libc.a(mallocr.o)
                              c:/asctec_arm_sdk/winarm/bin/../lib/gcc/arm-elf/4.1.1/../../../../arm-elf/lib/thumb/interwork\libc.a(vfprintf.o) (_malloc_r)
c:/asctec_arm_sdk/winarm/bin/../lib/gcc/arm-elf/4.1.1/../../../../arm-elf/lib/thumb/interwork\libc.a(memchr.o)
[...]
Memory Configuration

Name             Origin             Length             Attributes
ROM              0x00000000         0x00080000         xr
RAM              0x40000000         0x00008000         rw
*default*        0x00000000         0xffffffff

Linker script and memory map

LOAD Common_WinARM/src/Startup.o
LOAD Common_WinARM/src/swi_handler.o
LOAD LL_HL_comm.o
LOAD mymath.o
LOAD gpsmath.o
LOAD sdk.o
LOAD sdk_telemetry.o
LOAD buzzer.o
LOAD lpc_aci_eeprom.o
LOAD asctecCommIntfOnboard.o
LOAD buildInfoSetup.o
LOAD main.o
LOAD hardware.o
LOAD system.o
LOAD uart.o
LOAD syscalls.o
LOAD i2c.o
LOAD i2c1.o
LOAD Common_WinARM/src/irq.o
LOAD adc.o
LOAD ssp.o
LOAD pelican_ptu.o
LOAD jetiTelemetry.o
LOAD LPC2k_ee.o
LOAD lab.o
LOAD Utilites.o
LOAD c:/asctec_arm_sdk/winarm/bin/../lib/gcc/arm-elf/4.1.1/../../../../arm-elf/lib/thumb/interwork\libc.a
LOAD c:/asctec_arm_sdk/winarm/bin/../lib/gcc/arm-elf/4.1.1/../../../../arm-elf/lib/thumb/interwork\libc.a
LOAD c:/asctec_arm_sdk/winarm/bin/../lib/gcc/arm-elf/4.1.1/thumb/interwork\libgcc.a
LOAD ./\libdeclination.a
LOAD ./\libublox.a
LOAD c:/asctec_arm_sdk/winarm/bin/../lib/gcc/arm-elf/4.1.1/../../../../arm-elf/lib/thumb/interwork\libm.a
START GROUP
LOAD c:/asctec_arm_sdk/winarm/bin/../lib/gcc/arm-elf/4.1.1/thumb/interwork\libgcc.a
LOAD c:/asctec_arm_sdk/winarm/bin/../lib/gcc/arm-elf/4.1.1/../../../../arm-elf/lib/thumb/interwork\libg.a
LOAD c:/asctec_arm_sdk/winarm/bin/../lib/gcc/arm-elf/4.1.1/../../../../arm-elf/lib/thumb/interwork\libc.a
END GROUP

.text           0x00000000    0x1d9ac
 *(.vectorg)
 .vectorg       0x00000000       0x98 Common_WinARM/src/Startup.o
                0x00000050                __IRQ_Wrapper
 .vectorg       0x00000098       0xd0 Common_WinARM/src/swi_handler.o
                0x00000098                SoftwareInterrupt
                0x00000168                . = ALIGN (0x4)
 *(.init)
 .init          0x00000168      0x168 Common_WinARM/src/Startup.o
                0x00000294                __exit_THUMB
                0x00000168                __startup
                0x00000290                __exit_ARM
 *(.text .text.*)
 .text          0x000002d0        0x0 Common_WinARM/src/Startup.o
 .text          0x000002d0       0x38 Common_WinARM/src/swi_handler.o
                0x000002e0                IntGetCPSR
                0x00000300                FiqDisable
                0x000002d0                IntRestore
                0x000002f0                IntDisable
                0x000002d8                FiqRestore
                0x000002e8                IntEnable
                0x000002f8                FiqEnable
 .text          0x00000308     0x12fc LL_HL_comm.o
                0x00000dbc                SSP_data_distribution_HL
                0x00000308                LL_write_ctrl_data
                0x00000424                HL2LL_write_cycle
                0x0000112c                SSP_rx_handler_HL
 .text          0x00001604       0x64 mymath.o
                0x00001610                fast_sqrt
                0x00001604                fast_abs
 .text          0x00001668      0x104 gpsmath.o
                0x00001668                xy2latlon
 .text          0x0000176c     0x1074 sdk.o
                0x000023b4                SDK_Init
                0x00001bb8                SDK_EXAMPLE_attitude_commands
                0x00001b0c                SDK_EXAMPLE_direct_motor_commands_with_standard_output_mapping
                0x00002518                SDK_mainloop
                0x0000176c                SPI0Handler
                0x00001a08                SDK_SetEmergencyMode
                0x00001a44                SDK_EXAMPLE_direct_individual_motor_commands
                0x00001c7c                SDK_EXAMPLE_turn_motors_off
                0x00001bec                SDK_EXAMPLE_turn_motors_on
                0x00001d0c                SDK_EXAMPLE_gps_waypoint_control
 .text          0x000027e0      0x7ec sdk_telemetry.o
                0x000027e0                SDK_jetiAscTecExampleUpdateDisplay
                0x00002b74                SDK_jetiAscTecExampleKeyChange
                0x00002940                SDK_jetiAscTecExampleInit
                0x00002d10                SDK_jetiAscTecExampleRun
 .text          0x00002fcc      0x5e4 buzzer.o
                0x00002ff4                buzzer_handler
                0x00002fcc                buzzer
 .text          0x000035b0      0x3a4 lpc_aci_eeprom.o
                0x00003760                lpc_aci_ReadParafromFlash
                0x00003620                lpc_aci_SavePara
                0x00003908                lpc_aci_init
                0x000035b0                lpc_aci_WriteParatoFlash
 .text          0x00003954     0x2b5c asctecCommIntfOnboard.o
                0x00003aac                aciTxRingBufferReset
                0x00004a10                aciSyncVar
                0x000042e8                aciSendVar
                0x00003f40                aciPublishVariableInt
                0x00003be8                aciPublishParameterInt
                0x00005ec0                aciReceiveHandler
                0x000040fc                aciSetSaveParaCallback
                0x000060a0                aciSingleSend
                0x000040ec                aciSetReadParafromFlashCallback
                0x00004880                aciSyncCmd
                0x00003b24                aciTxRingBufferGetNextByte
                0x00004210                aciTxSendPacket
                0x00004ab4                aciRxHandleMessage
                0x0000411c                aciTxRingBufferAddData
                0x00003954                aciInit
                0x00006330                aciEngine
                0x00003ba8                aciUpdateCrc16
                0x00003d94                aciPublishCommandInt
                0x00003a9c                aciSetStartTxCallback
                0x00003acc                aciTxRingBufferGetFreeSpace
                0x0000410c                aciSetWriteParatoFlashCallback
                0x00006240                aciSendSingleWithAck
                0x000046f0                aciSyncPar
                0x00003b7c                aciCrcUpdate
                0x00003b0c                aciTxRingBufferByteAvailable
 .text          0x000064b0      0x1bc buildInfoSetup.o
                0x000064b0                generateBuildInfo
 .text          0x0000666c      0xcdc main.o
                0x0000666c                timer0ISR
                0x00006ae8                mainloop
                0x00006754                main
                0x00006eb0                ACISDK
 .text          0x00007348       0x8c hardware.o
                0x00007348                LED
 .text          0x000073d4      0x5b8 system.o
                0x000075dc                init_timer0
                0x00007770                init_spi1
                0x00007684                PWM_Init
                0x00007534                init_ports
                0x000073d4                init
                0x00007738                init_spi
                0x0000745c                init_interrupts
                0x00007944                delay
                0x0000788c                processorClockFrequency
                0x0000784c                pll_feed
                0x0000780c                pll_init
                0x000078ac                peripheralClockFrequency
 .text          0x0000798c      0xeb4 uart.o
                0x00007e58                UARTWriteChar
                0x00007dac                UART1Initialize
                0x0000811c                UART_send_ringbuffer
                0x00007f88                __putchar
                0x00007ef8                UARTReadChar
                0x00007f40                UART1ReadChar
                0x0000798c                uart1ISR
                0x00007fcc                UART_send
                0x000083d4                crc16
                0x000082e4                crc_update
                0x00008654                ringbuffer1
                0x00007a5c                uart0ISR
                0x000081ec                UART_SendPacket
                0x00008468                ringbuffer
                0x00007d00                UARTInitialize
                0x00007ea8                UART1WriteChar
                0x00008184                UART1_send_ringbuffer
                0x00008088                UART1_send
 .text          0x00008840      0x2b4 syscalls.o
                0x000089e8                _lseek_r
                0x00008a1c                _fstat_r
                0x00008a58                isatty
                0x00008a80                _sbrk_r
                0x00008840                _read_r
                0x000089bc                _close_r
                0x00008920                _write_r
 .text          0x00008af4      0x750 i2c.o
                0x00008f90                I2C0_send_motordata
                0x000091b4                I2CEngine
                0x00008af4                I2C0MasterHandler
                0x0000903c                I2CStart
                0x000090d0                I2CStop
                0x0000912c                I2CInit
 .text          0x00009244     0x1048 i2c1.o
                0x00009538                fireFlyLedHandler
                0x00009244                I2C1MasterHandler
                0x0000a074                I2C1_setRGBLed
                0x0000a260                I2C1State
                0x0000a1ec                I2C1Engine
                0x0000a178                I2C1Init
 .text          0x0000a28c      0x2d8 Common_WinARM/src/irq.o
                0x0000a378                install_irq
                0x0000a46c                uninstall_irq
                0x0000a2b4                init_VIC
 .text          0x0000a564      0x3ec adc.o
                0x0000a874                ADC0getSamplingResults
                0x0000a564                ADCInit
                0x0000a728                ADC1Read
                0x0000a5ec                ADC0Read
                0x0000a830                ADC0triggerSampling
 .text          0x0000a950      0x420 ssp.o
                0x0000ab68                LL_write
                0x0000ab28                LL_write_init
                0x0000a950                SSPHandler
 .text          0x0000ad70      0x928 pelican_ptu.o
                0x0000ad70                PTU_init
                0x0000b274                SERVO_roll_move
                0x0000b354                PTU_update_middle_positions_by_stick
                0x0000ae90                PTU_update
                0x0000b18c                SERVO_pitch_move
 .text          0x0000b698     0x1090 jetiTelemetry.o
                0x0000c1dc                jetiSetValueDate
                0x0000b7e0                jetiSetDeviceName
                0x0000bd2c                jetiSetValue6B
                0x0000ba44                jetiSetValue30B
                0x0000bbb4                jetiSetValue22B
                0x0000b920                jetiDeactivateValue
                0x0000c014                jetiSetValueTime
                0x0000c3d0                jetiSetTextDisplay
                0x0000b73c                jetiSetAlarm
                0x0000be9c                jetiSetValue14B
                0x0000b99c                jetiSetDecimalPoint
                0x0000b6dc                jetiCheckForKeyChange
                0x0000b698                jetiSetKeyChanged
                0x0000b898                jetiActivateValue
                0x0000c51c                jetiInitValue
 .text          0x0000c728      0x69c LPC2k_ee.o
                0x0000cd3c                enter_isp
                0x0000c728                ee_erase
                0x0000ca88                ee_read
                0x0000c864                ee_write
                0x0000cb80                ee_count
                0x0000cb18                ee_readn
                0x0000cbf4                ee_locate
 .text          0x0000cdc4      0xc90 lab.o
                0x0000cdc4                lab
                0x0000ce34                do_sensor_fusion
                0x0000d504                convert_input_to_motor_commands
                0x0000d1ec                lab3
 .text          0x0000da54      0xfbc Utilites.o
                0x0000dcd8                matrix_scalar_mult
                0x0000de48                matrix_transpose
                0x0000e66c                cofactors
                0x0000ddb4                vector_scalar_mult
                0x0000e1d4                determinant
                0x0000dbd4                matrix_add
                0x0000df14                matrix_multiply
                0x0000e508                vector_copy
                0x0000e8d0                inverse
                0x0000e0a8                vector_multiply
                0x0000db28                vector_add
                0x0000e588                make_identity
                0x0000da54                angle_diff
 .text          0x0000ea10       0x20 c:/asctec_arm_sdk/winarm/bin/../lib/gcc/arm-elf/4.1.1/../../../../arm-elf/lib/thumb/interwork\libc.a(memcpy.o)
                0x0000ea10                memcpy
 .text          0x0000ea30       0x84 c:/asctec_arm_sdk/winarm/bin/../lib/gcc/arm-elf/4.1.1/../../../../arm-elf/lib/thumb/interwork\libc.a(sprintf.o)
                0x0000ea74                _sprintf_r
                0x0000ea30                sprintf
 .text          0x0000eab4       0x10 c:/asctec_arm_sdk/winarm/bin/../lib/gcc/arm-elf/4.1.1/../../../../arm-elf/lib/thumb/interwork\libc.a(strcpy.o)
                0x0000eab4                strcpy
 .text          0x0000eac4       0x10 c:/asctec_arm_sdk/winarm/bin/../lib/gcc/arm-elf/4.1.1/../../../../arm-elf/lib/thumb/interwork\libc.a(strlen.o)
                0x0000eac4                strlen
 .text          0x0000ead4     0x1460 c:/asctec_arm_sdk/winarm/bin/../lib/gcc/arm-elf/4.1.1/../../../../arm-elf/lib/thumb/interwork\libc.a(vfprintf.o)
                0x0000eaf4                _vfprintf_r
                0x0000ff14                vfprintf
 .text          0x0000ff34       0x50 c:/asctec_arm_sdk/winarm/bin/../lib/gcc/arm-elf/4.1.1/../../../../arm-elf/lib/thumb/interwork\libc.a(wcrtomb.o)
                0x0000ff34                _wcrtomb_r
                0x0000ff64                wcrtomb
 .text          0x0000ff84       0xd8 c:/asctec_arm_sdk/winarm/bin/../lib/gcc/arm-elf/4.1.1/../../../../arm-elf/lib/thumb/interwork\libc.a(wcsrtombs.o)
                0x0000ff84                _wcsrtombs_r
                0x00010034                wcsrtombs
 .text          0x0001005c      0x2b0 c:/asctec_arm_sdk/winarm/bin/../lib/gcc/arm-elf/4.1.1/../../../../arm-elf/lib/thumb/interwork\libc.a(wctomb_r.o)
                0x0001005c                _wctomb_r
 .text          0x0001030c       0x94 c:/asctec_arm_sdk/winarm/bin/../lib/gcc/arm-elf/4.1.1/../../../../arm-elf/lib/thumb/interwork\libc.a(wsetup.o)
                0x0001030c                __swsetup
 .text          0x000103a0      0xd30 c:/asctec_arm_sdk/winarm/bin/../lib/gcc/arm-elf/4.1.1/../../../../arm-elf/lib/thumb/interwork\libc.a(dtoa.o)
                0x000104d4                _dtoa_r
 .text          0x000110d0       0x88 c:/asctec_arm_sdk/winarm/bin/../lib/gcc/arm-elf/4.1.1/../../../../arm-elf/lib/thumb/interwork\libc.a(fflush.o)
                0x000110d0                fflush
 .text          0x00011158      0x1b0 c:/asctec_arm_sdk/winarm/bin/../lib/gcc/arm-elf/4.1.1/../../../../arm-elf/lib/thumb/interwork\libc.a(findfp.o)
                0x00011190                __sinit
                0x00011228                __sfmoreglue
                0x00011214                _cleanup
                0x00011204                _cleanup_r
                0x00011278                __fp_lock_all
                0x000111ec                __sfp_lock_acquire
                0x00011290                __sfp
                0x000111f8                __sinit_lock_release
                0x00011260                __fp_unlock_all
                0x000111f0                __sfp_lock_release
                0x000111f4                __sinit_lock_acquire
 .text          0x00011308      0x248 c:/asctec_arm_sdk/winarm/bin/../lib/gcc/arm-elf/4.1.1/../../../../arm-elf/lib/thumb/interwork\libc.a(freer.o)
                0x000113a8                _free_r
                0x00011308                _malloc_trim_r
 .text          0x00011550      0x25c c:/asctec_arm_sdk/winarm/bin/../lib/gcc/arm-elf/4.1.1/../../../../arm-elf/lib/thumb/interwork\libc.a(fvwrite.o)
                0x00011550                __sfvwrite
 .text          0x000117ac       0xb4 c:/asctec_arm_sdk/winarm/bin/../lib/gcc/arm-elf/4.1.1/../../../../arm-elf/lib/thumb/interwork\libc.a(fwalk.o)
                0x00011808                _fwalk
                0x000117ac                _fwalk_reent
 .text          0x00011860        0x0 c:/asctec_arm_sdk/winarm/bin/../lib/gcc/arm-elf/4.1.1/../../../../arm-elf/lib/thumb/interwork\libc.a(impure.o)
 .text          0x00011860       0x78 c:/asctec_arm_sdk/winarm/bin/../lib/gcc/arm-elf/4.1.1/../../../../arm-elf/lib/thumb/interwork\libc.a(locale.o)
                0x00011874                _setlocale_r
                0x00011860                __locale_charset
                0x0001186c                _localeconv_r
                0x000118b4                setlocale
                0x000118d0                localeconv
 .text          0x000118d8       0xd8 c:/asctec_arm_sdk/winarm/bin/../lib/gcc/arm-elf/4.1.1/../../../../arm-elf/lib/thumb/interwork\libc.a(makebuf.o)
                0x000118d8                __smakebuf
 .text          0x000119b0      0x4ac c:/asctec_arm_sdk/winarm/bin/../lib/gcc/arm-elf/4.1.1/../../../../arm-elf/lib/thumb/interwork\libc.a(mallocr.o)
                0x000119b0                _malloc_r
 .text          0x00011e5c       0x18 c:/asctec_arm_sdk/winarm/bin/../lib/gcc/arm-elf/4.1.1/../../../../arm-elf/lib/thumb/interwork\libc.a(memchr.o)
                0x00011e5c                memchr
 .text          0x00011e74       0x38 c:/asctec_arm_sdk/winarm/bin/../lib/gcc/arm-elf/4.1.1/../../../../arm-elf/lib/thumb/interwork\libc.a(memmove.o)
                0x00011e74                memmove
 .text          0x00011eac       0x10 c:/asctec_arm_sdk/winarm/bin/../lib/gcc/arm-elf/4.1.1/../../../../arm-elf/lib/thumb/interwork\libc.a(memset.o)
                0x00011eac                memset
 .text          0x00011ebc        0x8 c:/asctec_arm_sdk/winarm/bin/../lib/gcc/arm-elf/4.1.1/../../../../arm-elf/lib/thumb/interwork\libc.a(mlock.o)
                0x00011ec0                __malloc_unlock
                0x00011ebc                __malloc_lock
 .text          0x00011ec4      0x834 c:/asctec_arm_sdk/winarm/bin/../lib/gcc/arm-elf/4.1.1/../../../../arm-elf/lib/thumb/interwork\libc.a(mprec.o)
                0x00012134                _mprec_log10
                0x00011edc                _hi0bits
                0x00012178                _Balloc
                0x000121d4                _d2b
                0x00012418                _multiply
                0x000120e0                _ratio
                0x00012674                _s2b
                0x00012544                _i2b
                0x00011f24                _lo0bits
                0x00011f90                __mcmp
                0x000125e8                _pow5mult
                0x00011fd0                _ulp
                0x00012020                _b2d
                0x0001255c                _multadd
                0x000122a8                __mdiff
                0x00012388                _lshift
                0x00011ec4                _Bfree
 .text          0x000126f8      0x308 c:/asctec_arm_sdk/winarm/bin/../lib/gcc/arm-elf/4.1.1/../../../../arm-elf/lib/thumb/interwork\libc.a(reallocr.o)
                0x000126f8                _realloc_r
 .text          0x00012a00       0x2c c:/asctec_arm_sdk/winarm/bin/../lib/gcc/arm-elf/4.1.1/../../../../arm-elf/lib/thumb/interwork\libc.a(s_isinf.o)
                0x00012a00                isinf
 .text          0x00012a2c       0x24 c:/asctec_arm_sdk/winarm/bin/../lib/gcc/arm-elf/4.1.1/../../../../arm-elf/lib/thumb/interwork\libc.a(s_isnan.o)
                0x00012a2c                isnan
 .text          0x00012a50       0xd0 c:/asctec_arm_sdk/winarm/bin/../lib/gcc/arm-elf/4.1.1/../../../../arm-elf/lib/thumb/interwork\libc.a(stdio.o)
                0x00012a68                __sseek
                0x00012ae8                __sread
                0x00012a50                __sclose
                0x00012aa4                __swrite
 .text          0x00012b20       0x18 c:/asctec_arm_sdk/winarm/bin/../lib/gcc/arm-elf/4.1.1/../../../../arm-elf/lib/thumb/interwork\libc.a(strcmp.o)
                0x00012b20                strcmp
 .text          0x00012b38       0x5c c:/asctec_arm_sdk/winarm/bin/../lib/gcc/arm-elf/4.1.1/../../../../arm-elf/lib/thumb/interwork\libc.a(callocr.o)
                0x00012b38                _calloc_r
 .text          0x00012b94       0xb8 c:/asctec_arm_sdk/winarm/bin/../lib/gcc/arm-elf/4.1.1/../../../../arm-elf/lib/thumb/interwork\libc.a(fclose.o)
                0x00012b94                _fclose_r
                0x00012c34                fclose
 .text          0x00012c4c       0x8c c:/asctec_arm_sdk/winarm/bin/../lib/gcc/arm-elf/4.1.1/thumb/interwork\libgcc.a(_udivsi3.o)
                0x00012c4c                __udivsi3
                0x00012c4c                __aeabi_uidiv
                0x00012cc8                __aeabi_uidivmod
 .text          0x00012cd8       0xa4 c:/asctec_arm_sdk/winarm/bin/../lib/gcc/arm-elf/4.1.1/thumb/interwork\libgcc.a(_divsi3.o)
                0x00012cd8                __aeabi_idiv
                0x00012cd8                __divsi3
                0x00012d6c                __aeabi_idivmod
 .text          0x00012d7c       0xc8 c:/asctec_arm_sdk/winarm/bin/../lib/gcc/arm-elf/4.1.1/thumb/interwork\libgcc.a(_umodsi3.o)
                0x00012d7c                __umodsi3
 .text          0x00012e44       0xd8 c:/asctec_arm_sdk/winarm/bin/../lib/gcc/arm-elf/4.1.1/thumb/interwork\libgcc.a(_modsi3.o)
                0x00012e44                __modsi3
 .text          0x00012f1c        0x4 c:/asctec_arm_sdk/winarm/bin/../lib/gcc/arm-elf/4.1.1/thumb/interwork\libgcc.a(_dvmd_tls.o)
                0x00012f1c                __aeabi_ldiv0
                0x00012f1c                __div0
                0x00012f1c                __aeabi_idiv0
 .text          0x00012f20      0x430 c:/asctec_arm_sdk/winarm/bin/../lib/gcc/arm-elf/4.1.1/thumb/interwork\libgcc.a(_addsubdf3.o)
                0x000132e4                __floatdidf
                0x00013264                __floatsidf
                0x0001323c                __aeabi_ui2d
                0x00012f20                __aeabi_drsub
                0x00013290                __extendsfdf2
                0x00012f2c                __adddf3
                0x0001323c                __floatunsidf
                0x00012f2c                __aeabi_dadd
                0x000132d0                __aeabi_ul2d
                0x00012f28                __aeabi_dsub
                0x000132d0                __floatundidf
                0x00013264                __aeabi_i2d
                0x000132e4                __aeabi_l2d
                0x00013290                __aeabi_f2d
                0x00012f28                __subdf3
 .text          0x00013350      0x49c c:/asctec_arm_sdk/winarm/bin/../lib/gcc/arm-elf/4.1.1/thumb/interwork\libgcc.a(_muldivdf3.o)
                0x000135e0                __aeabi_ddiv
                0x00013350                __aeabi_dmul
                0x000135e0                __divdf3
                0x00013350                __muldf3
 .text          0x000137ec      0x140 c:/asctec_arm_sdk/winarm/bin/../lib/gcc/arm-elf/4.1.1/thumb/interwork\libgcc.a(_cmpdf2.o)
                0x000138e4                __aeabi_dcmple
                0x000137fc                __cmpdf2
                0x000137fc                __eqdf2
                0x000137ec                __gtdf2
                0x0001389c                __aeabi_cdcmple
                0x00013880                __aeabi_cdrcmple
                0x000137f4                __ltdf2
                0x000138cc                __aeabi_dcmplt
                0x000137f4                __ledf2
                0x00013914                __aeabi_dcmpgt
                0x000138fc                __aeabi_dcmpge
                0x000137fc                __nedf2
                0x000138b4                __aeabi_dcmpeq
                0x0001389c                __aeabi_cdcmpeq
                0x000137ec                __gedf2
 .text          0x0001392c       0x5c c:/asctec_arm_sdk/winarm/bin/../lib/gcc/arm-elf/4.1.1/thumb/interwork\libgcc.a(_fixdfsi.o)
                0x0001392c                __fixdfsi
                0x0001392c                __aeabi_d2iz
 .text          0x00013988       0xa0 c:/asctec_arm_sdk/winarm/bin/../lib/gcc/arm-elf/4.1.1/thumb/interwork\libgcc.a(_truncdfsf2.o)
                0x00013988                __aeabi_d2f
                0x00013988                __truncdfsf2
 .text          0x00013a28      0x2ac c:/asctec_arm_sdk/winarm/bin/../lib/gcc/arm-elf/4.1.1/thumb/interwork\libgcc.a(_addsubsf3.o)
                0x00013a34                __aeabi_fadd
                0x00013a30                __subsf3
                0x00013bf8                __aeabi_i2f
                0x00013a30                __aeabi_fsub
                0x00013c28                __floatdisf
                0x00013bf8                __floatsisf
                0x00013c18                __floatundisf
                0x00013bf0                __aeabi_ui2f
                0x00013c28                __aeabi_l2f
                0x00013c18                __aeabi_ul2f
                0x00013a28                __aeabi_frsub
                0x00013bf0                __floatunsisf
                0x00013a34                __addsf3
 .text          0x00013cd4      0x2f8 c:/asctec_arm_sdk/winarm/bin/../lib/gcc/arm-elf/4.1.1/thumb/interwork\libgcc.a(_muldivsf3.o)
                0x00013e6c                __divsf3
                0x00013e6c                __aeabi_fdiv
                0x00013cd4                __mulsf3
                0x00013cd4                __aeabi_fmul
 .text          0x00013fcc      0x110 c:/asctec_arm_sdk/winarm/bin/../lib/gcc/arm-elf/4.1.1/thumb/interwork\libgcc.a(_cmpsf2.o)
                0x000140c4                __aeabi_fcmpgt
                0x00013fd4                __lesf2
                0x00013fdc                __nesf2
                0x000140ac                __aeabi_fcmpge
                0x00013fcc                __gtsf2
                0x00014094                __aeabi_fcmple
                0x00013fdc                __eqsf2
                0x00013fdc                __cmpsf2
                0x00013fd4                __ltsf2
                0x0001404c                __aeabi_cfcmple
                0x00013fcc                __gesf2
                0x00014064                __aeabi_fcmpeq
                0x0001403c                __aeabi_cfrcmple
                0x0001407c                __aeabi_fcmplt
                0x0001404c                __aeabi_cfcmpeq
 .text          0x000140dc       0x54 c:/asctec_arm_sdk/winarm/bin/../lib/gcc/arm-elf/4.1.1/thumb/interwork\libgcc.a(_fixunssfsi.o)
                0x000140dc                __aeabi_f2uiz
                0x000140dc                __fixunssfsi
 .text          0x00014130     0x3250 ./\libdeclination.a(declination.o)
                0x00016bdc                geomg1
                0x00016c4c                getDeclination
                0x00016b74                geomag
 .text          0x00017380     0x1e88 ./\libublox.a(ublox.o)
                0x00017ea8                uBloxReceiveHandler
                0x00017598                pollMessageRate
                0x0001856c                uBloxReceiveEngine
                0x000176f0                uBloxHandleMessage
                0x00017654                uBloxResetConfiguration
                0x000175f0                setMessageRate
                0x00017380                uBloxSendMessage
 .text          0x00019208       0xa8 c:/asctec_arm_sdk/winarm/bin/../lib/gcc/arm-elf/4.1.1/../../../../arm-elf/lib/thumb/interwork\libm.a(s_cos.o)
                0x00019208                cos
 .text          0x000192b0       0xac c:/asctec_arm_sdk/winarm/bin/../lib/gcc/arm-elf/4.1.1/../../../../arm-elf/lib/thumb/interwork\libm.a(s_sin.o)
                0x000192b0                sin
 .text          0x0001935c       0xc0 c:/asctec_arm_sdk/winarm/bin/../lib/gcc/arm-elf/4.1.1/../../../../arm-elf/lib/thumb/interwork\libm.a(w_atan2.o)
                0x0001935c                atan2
 .text          0x0001941c      0x33c c:/asctec_arm_sdk/winarm/bin/../lib/gcc/arm-elf/4.1.1/../../../../arm-elf/lib/thumb/interwork\libm.a(w_pow.o)
                0x0001941c                pow
 .text          0x00019758       0xb8 c:/asctec_arm_sdk/winarm/bin/../lib/gcc/arm-elf/4.1.1/../../../../arm-elf/lib/thumb/interwork\libm.a(w_sqrt.o)
                0x00019758                sqrt
 .text          0x00019810       0xc0 c:/asctec_arm_sdk/winarm/bin/../lib/gcc/arm-elf/4.1.1/../../../../arm-elf/lib/thumb/interwork\libm.a(wf_fmod.o)
                0x00019810                fmodf
 .text          0x000198d0      0x2dc c:/asctec_arm_sdk/winarm/bin/../lib/gcc/arm-elf/4.1.1/../../../../arm-elf/lib/thumb/interwork\libm.a(wf_pow.o)
                0x000198d0                powf
 .text          0x00019bac      0x20c c:/asctec_arm_sdk/winarm/bin/../lib/gcc/arm-elf/4.1.1/../../../../arm-elf/lib/thumb/interwork\libm.a(e_atan2.o)
                0x00019bac                __ieee754_atan2
 .text          0x00019db8      0xb0c c:/asctec_arm_sdk/winarm/bin/../lib/gcc/arm-elf/4.1.1/../../../../arm-elf/lib/thumb/interwork\libm.a(e_pow.o)
                0x00019db8                __ieee754_pow
 .text          0x0001a8c4      0x420 c:/asctec_arm_sdk/winarm/bin/../lib/gcc/arm-elf/4.1.1/../../../../arm-elf/lib/thumb/interwork\libm.a(e_rem_pio2.o)
                0x0001a8c4                __ieee754_rem_pio2
 .text          0x0001ace4      0x1a0 c:/asctec_arm_sdk/winarm/bin/../lib/gcc/arm-elf/4.1.1/../../../../arm-elf/lib/thumb/interwork\libm.a(e_sqrt.o)
                0x0001ace4                __ieee754_sqrt
 .text          0x0001ae84      0x128 c:/asctec_arm_sdk/winarm/bin/../lib/gcc/arm-elf/4.1.1/../../../../arm-elf/lib/thumb/interwork\libm.a(ef_fmod.o)
                0x0001ae84                __ieee754_fmodf
 .text          0x0001afac      0x720 c:/asctec_arm_sdk/winarm/bin/../lib/gcc/arm-elf/4.1.1/../../../../arm-elf/lib/thumb/interwork\libm.a(ef_pow.o)
                0x0001afac                __ieee754_powf
 .text          0x0001b6cc       0xb4 c:/asctec_arm_sdk/winarm/bin/../lib/gcc/arm-elf/4.1.1/../../../../arm-elf/lib/thumb/interwork\libm.a(ef_sqrt.o)
                0x0001b6cc                __ieee754_sqrtf
 .text          0x0001b780      0x264 c:/asctec_arm_sdk/winarm/bin/../lib/gcc/arm-elf/4.1.1/../../../../arm-elf/lib/thumb/interwork\libm.a(k_cos.o)
                0x0001b780                __kernel_cos
 .text          0x0001b9e4      0x744 c:/asctec_arm_sdk/winarm/bin/../lib/gcc/arm-elf/4.1.1/../../../../arm-elf/lib/thumb/interwork\libm.a(k_rem_pio2.o)
                0x0001b9e4                __kernel_rem_pio2
 .text          0x0001c128      0x178 c:/asctec_arm_sdk/winarm/bin/../lib/gcc/arm-elf/4.1.1/../../../../arm-elf/lib/thumb/interwork\libm.a(k_sin.o)
                0x0001c128                __kernel_sin
 .text          0x0001c2a0      0x35c c:/asctec_arm_sdk/winarm/bin/../lib/gcc/arm-elf/4.1.1/../../../../arm-elf/lib/thumb/interwork\libm.a(s_atan.o)
                0x0001c2a0                atan
 .text          0x0001c5fc       0x18 c:/asctec_arm_sdk/winarm/bin/../lib/gcc/arm-elf/4.1.1/../../../../arm-elf/lib/thumb/interwork\libm.a(s_fabs.o)
                0x0001c5fc                fabs
 .text          0x0001c614       0x1c c:/asctec_arm_sdk/winarm/bin/../lib/gcc/arm-elf/4.1.1/../../../../arm-elf/lib/thumb/interwork\libm.a(s_finite.o)
                0x0001c614                finite
 .text          0x0001c630      0x12c c:/asctec_arm_sdk/winarm/bin/../lib/gcc/arm-elf/4.1.1/../../../../arm-elf/lib/thumb/interwork\libm.a(s_floor.o)
                0x0001c630                floor
 .text          0x0001c75c        0x0 c:/asctec_arm_sdk/winarm/bin/../lib/gcc/arm-elf/4.1.1/../../../../arm-elf/lib/thumb/interwork\libm.a(s_lib_ver.o)
 .text          0x0001c75c        0x4 c:/asctec_arm_sdk/winarm/bin/../lib/gcc/arm-elf/4.1.1/../../../../arm-elf/lib/thumb/interwork\libm.a(s_matherr.o)
                0x0001c75c                matherr
 .text          0x0001c760      0x14c c:/asctec_arm_sdk/winarm/bin/../lib/gcc/arm-elf/4.1.1/../../../../arm-elf/lib/thumb/interwork\libm.a(s_rint.o)
                0x0001c760                rint
 .text          0x0001c8ac      0x110 c:/asctec_arm_sdk/winarm/bin/../lib/gcc/arm-elf/4.1.1/../../../../arm-elf/lib/thumb/interwork\libm.a(s_scalbn.o)
                0x0001c8ac                scalbn
 .text          0x0001c9bc        0xc c:/asctec_arm_sdk/winarm/bin/../lib/gcc/arm-elf/4.1.1/../../../../arm-elf/lib/thumb/interwork\libm.a(sf_fabs.o)
                0x0001c9bc                fabsf
 .text          0x0001c9c8       0x1c c:/asctec_arm_sdk/winarm/bin/../lib/gcc/arm-elf/4.1.1/../../../../arm-elf/lib/thumb/interwork\libm.a(sf_finite.o)
                0x0001c9c8                finitef
 .text          0x0001c9e4       0x18 c:/asctec_arm_sdk/winarm/bin/../lib/gcc/arm-elf/4.1.1/../../../../arm-elf/lib/thumb/interwork\libm.a(sf_isnan.o)
                0x0001c9e4                isnanf
 .text          0x0001c9fc       0xc0 c:/asctec_arm_sdk/winarm/bin/../lib/gcc/arm-elf/4.1.1/../../../../arm-elf/lib/thumb/interwork\libm.a(sf_scalbn.o)
                0x0001c9fc                scalbnf
 .text          0x0001cabc       0x24 c:/asctec_arm_sdk/winarm/bin/../lib/gcc/arm-elf/4.1.1/../../../../arm-elf/lib/thumb/interwork\libm.a(s_copysign.o)
                0x0001cabc                copysign
 .text          0x0001cae0       0x14 c:/asctec_arm_sdk/winarm/bin/../lib/gcc/arm-elf/4.1.1/../../../../arm-elf/lib/thumb/interwork\libm.a(sf_copysign.o)
                0x0001cae0                copysignf
 .text          0x0001caf4       0x5c c:/asctec_arm_sdk/winarm/bin/../lib/gcc/arm-elf/4.1.1/thumb/interwork\libgcc.a(_fixsfsi.o)
                0x0001caf4                __fixsfsi
                0x0001caf4                __aeabi_f2iz
 .text          0x0001cb50        0xc c:/asctec_arm_sdk/winarm/bin/../lib/gcc/arm-elf/4.1.1/../../../../arm-elf/lib/thumb/interwork\libg.a(errno.o)
                0x0001cb50                __errno
 *(.gnu.linkonce.t.*)
 *(.glue_7)
 .glue_7        0x0001cb5c        0x0 Common_WinARM/src/Startup.o
 .glue_7        0x0001cb5c        0x0 Common_WinARM/src/swi_handler.o
 .glue_7        0x0001cb5c        0x0 LL_HL_comm.o
 .glue_7        0x0001cb5c        0x0 mymath.o
 .glue_7        0x0001cb5c        0x0 gpsmath.o
 .glue_7        0x0001cb5c        0x0 sdk.o
 .glue_7        0x0001cb5c        0x0 sdk_telemetry.o
 .glue_7        0x0001cb5c        0x0 buzzer.o
 .glue_7        0x0001cb5c        0x0 lpc_aci_eeprom.o
 .glue_7        0x0001cb5c        0x0 asctecCommIntfOnboard.o
 .glue_7        0x0001cb5c        0x0 buildInfoSetup.o
 .glue_7        0x0001cb5c        0x0 main.o
 .glue_7        0x0001cb5c        0x0 hardware.o
 .glue_7        0x0001cb5c        0x0 system.o
 .glue_7        0x0001cb5c        0x0 uart.o
 .glue_7        0x0001cb5c        0x0 syscalls.o
 .glue_7        0x0001cb5c        0x0 i2c.o
 .glue_7        0x0001cb5c        0x0 i2c1.o
 .glue_7        0x0001cb5c        0x0 Common_WinARM/src/irq.o
 .glue_7        0x0001cb5c        0x0 adc.o
 .glue_7        0x0001cb5c        0x0 ssp.o
 .glue_7        0x0001cb5c        0x0 pelican_ptu.o
 .glue_7        0x0001cb5c        0x0 jetiTelemetry.o
 .glue_7        0x0001cb5c        0x0 LPC2k_ee.o
 .glue_7        0x0001cb5c        0x0 lab.o
 .glue_7        0x0001cb5c        0x0 Utilites.o
 .glue_7        0x0001cb5c        0x0 c:/asctec_arm_sdk/winarm/bin/../lib/gcc/arm-elf/4.1.1/../../../../arm-elf/lib/thumb/interwork\libc.a(memcpy.o)
 .glue_7        0x0001cb5c        0x0 c:/asctec_arm_sdk/winarm/bin/../lib/gcc/arm-elf/4.1.1/../../../../arm-elf/lib/thumb/interwork\libc.a(sprintf.o)
 .glue_7        0x0001cb5c        0x0 c:/asctec_arm_sdk/winarm/bin/../lib/gcc/arm-elf/4.1.1/../../../../arm-elf/lib/thumb/interwork\libc.a(strcpy.o)
 .glue_7        0x0001cb5c        0x0 c:/asctec_arm_sdk/winarm/bin/../lib/gcc/arm-elf/4.1.1/../../../../arm-elf/lib/thumb/interwork\libc.a(strlen.o)
 .glue_7        0x0001cb5c        0x0 c:/asctec_arm_sdk/winarm/bin/../lib/gcc/arm-elf/4.1.1/../../../../arm-elf/lib/thumb/interwork\libc.a(vfprintf.o)
 .glue_7        0x0001cb5c        0x0 c:/asctec_arm_sdk/winarm/bin/../lib/gcc/arm-elf/4.1.1/../../../../arm-elf/lib/thumb/interwork\libc.a(wcrtomb.o)
 .glue_7        0x0001cb5c        0x0 c:/asctec_arm_sdk/winarm/bin/../lib/gcc/arm-elf/4.1.1/../../../../arm-elf/lib/thumb/interwork\libc.a(wcsrtombs.o)
 .glue_7        0x0001cb5c        0x0 c:/asctec_arm_sdk/winarm/bin/../lib/gcc/arm-elf/4.1.1/../../../../arm-elf/lib/thumb/interwork\libc.a(wctomb_r.o)
 .glue_7        0x0001cb5c        0x0 c:/asctec_arm_sdk/winarm/bin/../lib/gcc/arm-elf/4.1.1/../../../../arm-elf/lib/thumb/interwork\libc.a(wsetup.o)
 .glue_7        0x0001cb5c        0x0 c:/asctec_arm_sdk/winarm/bin/../lib/gcc/arm-elf/4.1.1/../../../../arm-elf/lib/thumb/interwork\libc.a(dtoa.o)
 .glue_7        0x0001cb5c        0x0 c:/asctec_arm_sdk/winarm/bin/../lib/gcc/arm-elf/4.1.1/../../../../arm-elf/lib/thumb/interwork\libc.a(fflush.o)
 .glue_7        0x0001cb5c        0x0 c:/asctec_arm_sdk/winarm/bin/../lib/gcc/arm-elf/4.1.1/../../../../arm-elf/lib/thumb/interwork\libc.a(findfp.o)
 .glue_7        0x0001cb5c        0x0 c:/asctec_arm_sdk/winarm/bin/../lib/gcc/arm-elf/4.1.1/../../../../arm-elf/lib/thumb/interwork\libc.a(freer.o)
 .glue_7        0x0001cb5c        0x0 c:/asctec_arm_sdk/winarm/bin/../lib/gcc/arm-elf/4.1.1/../../../../arm-elf/lib/thumb/interwork\libc.a(fvwrite.o)
 .glue_7        0x0001cb5c        0x0 c:/asctec_arm_sdk/winarm/bin/../lib/gcc/arm-elf/4.1.1/../../../../arm-elf/lib/thumb/interwork\libc.a(fwalk.o)
 .glue_7        0x0001cb5c        0x0 c:/asctec_arm_sdk/winarm/bin/../lib/gcc/arm-elf/4.1.1/../../../../arm-elf/lib/thumb/interwork\libc.a(impure.o)
 .glue_7        0x0001cb5c        0x0 c:/asctec_arm_sdk/winarm/bin/../lib/gcc/arm-elf/4.1.1/../../../../arm-elf/lib/thumb/interwork\libc.a(locale.o)
 .glue_7        0x0001cb5c        0x0 c:/asctec_arm_sdk/winarm/bin/../lib/gcc/arm-elf/4.1.1/../../../../arm-elf/lib/thumb/interwork\libc.a(makebuf.o)
 .glue_7        0x0001cb5c        0x0 c:/asctec_arm_sdk/winarm/bin/../lib/gcc/arm-elf/4.1.1/../../../../arm-elf/lib/thumb/interwork\libc.a(mallocr.o)
 .glue_7        0x0001cb5c        0x0 c:/asctec_arm_sdk/winarm/bin/../lib/gcc/arm-elf/4.1.1/../../../../arm-elf/lib/thumb/interwork\libc.a(memchr.o)
 .glue_7        0x0001cb5c        0x0 c:/asctec_arm_sdk/winarm/bin/../lib/gcc/arm-elf/4.1.1/../../../../arm-elf/lib/thumb/interwork\libc.a(memmove.o)
 .glue_7        0x0001cb5c        0x0 c:/asctec_arm_sdk/winarm/bin/../lib/gcc/arm-elf/4.1.1/../../../../arm-elf/lib/thumb/interwork\libc.a(memset.o)
 .glue_7        0x0001cb5c        0x0 c:/asctec_arm_sdk/winarm/bin/../lib/gcc/arm-elf/4.1.1/../../../../arm-elf/lib/thumb/interwork\libc.a(mlock.o)
 .glue_7        0x0001cb5c        0x0 c:/asctec_arm_sdk/winarm/bin/../lib/gcc/arm-elf/4.1.1/../../../../arm-elf/lib/thumb/interwork\libc.a(mprec.o)
 .glue_7        0x0001cb5c        0x0 c:/asctec_arm_sdk/winarm/bin/../lib/gcc/arm-elf/4.1.1/../../../../arm-elf/lib/thumb/interwork\libc.a(reallocr.o)
 .glue_7        0x0001cb5c        0x0 c:/asctec_arm_sdk/winarm/bin/../lib/gcc/arm-elf/4.1.1/../../../../arm-elf/lib/thumb/interwork\libc.a(s_isinf.o)
 .glue_7        0x0001cb5c        0x0 c:/asctec_arm_sdk/winarm/bin/../lib/gcc/arm-elf/4.1.1/../../../../arm-elf/lib/thumb/interwork\libc.a(s_isnan.o)
 .glue_7        0x0001cb5c        0x0 c:/asctec_arm_sdk/winarm/bin/../lib/gcc/arm-elf/4.1.1/../../../../arm-elf/lib/thumb/interwork\libc.a(stdio.o)
 .glue_7        0x0001cb5c        0x0 c:/asctec_arm_sdk/winarm/bin/../lib/gcc/arm-elf/4.1.1/../../../../arm-elf/lib/thumb/interwork\libc.a(strcmp.o)
 .glue_7        0x0001cb5c        0x0 c:/asctec_arm_sdk/winarm/bin/../lib/gcc/arm-elf/4.1.1/../../../../arm-elf/lib/thumb/interwork\libc.a(callocr.o)
 .glue_7        0x0001cb5c        0x0 c:/asctec_arm_sdk/winarm/bin/../lib/gcc/arm-elf/4.1.1/../../../../arm-elf/lib/thumb/interwork\libc.a(fclose.o)
 .glue_7        0x0001cb5c        0x0 c:/asctec_arm_sdk/winarm/bin/../lib/gcc/arm-elf/4.1.1/thumb/interwork\libgcc.a(_udivsi3.o)
 .glue_7        0x0001cb5c        0x0 c:/asctec_arm_sdk/winarm/bin/../lib/gcc/arm-elf/4.1.1/thumb/interwork\libgcc.a(_divsi3.o)
 .glue_7        0x0001cb5c        0x0 c:/asctec_arm_sdk/winarm/bin/../lib/gcc/arm-elf/4.1.1/thumb/interwork\libgcc.a(_umodsi3.o)
 .glue_7        0x0001cb5c        0x0 c:/asctec_arm_sdk/winarm/bin/../lib/gcc/arm-elf/4.1.1/thumb/interwork\libgcc.a(_modsi3.o)
 .glue_7        0x0001cb5c        0x0 c:/asctec_arm_sdk/winarm/bin/../lib/gcc/arm-elf/4.1.1/thumb/interwork\libgcc.a(_dvmd_tls.o)
 .glue_7        0x0001cb5c        0x0 c:/asctec_arm_sdk/winarm/bin/../lib/gcc/arm-elf/4.1.1/thumb/interwork\libgcc.a(_addsubdf3.o)
 .glue_7        0x0001cb5c        0x0 c:/asctec_arm_sdk/winarm/bin/../lib/gcc/arm-elf/4.1.1/thumb/interwork\libgcc.a(_muldivdf3.o)
 .glue_7        0x0001cb5c        0x0 c:/asctec_arm_sdk/winarm/bin/../lib/gcc/arm-elf/4.1.1/thumb/interwork\libgcc.a(_cmpdf2.o)
 .glue_7        0x0001cb5c        0x0 c:/asctec_arm_sdk/winarm/bin/../lib/gcc/arm-elf/4.1.1/thumb/interwork\libgcc.a(_fixdfsi.o)
 .glue_7        0x0001cb5c        0x0 c:/asctec_arm_sdk/winarm/bin/../lib/gcc/arm-elf/4.1.1/thumb/interwork\libgcc.a(_truncdfsf2.o)
 .glue_7        0x0001cb5c        0x0 c:/asctec_arm_sdk/winarm/bin/../lib/gcc/arm-elf/4.1.1/thumb/interwork\libgcc.a(_addsubsf3.o)
 .glue_7        0x0001cb5c        0x0 c:/asctec_arm_sdk/winarm/bin/../lib/gcc/arm-elf/4.1.1/thumb/interwork\libgcc.a(_muldivsf3.o)
 .glue_7        0x0001cb5c        0x0 c:/asctec_arm_sdk/winarm/bin/../lib/gcc/arm-elf/4.1.1/thumb/interwork\libgcc.a(_cmpsf2.o)
 .glue_7        0x0001cb5c        0x0 c:/asctec_arm_sdk/winarm/bin/../lib/gcc/arm-elf/4.1.1/thumb/interwork\libgcc.a(_fixunssfsi.o)
 .glue_7        0x0001cb5c        0x0 ./\libdeclination.a(declination.o)
 .glue_7        0x0001cb5c        0x0 ./\libublox.a(ublox.o)
 .glue_7        0x0001cb5c        0x0 c:/asctec_arm_sdk/winarm/bin/../lib/gcc/arm-elf/4.1.1/../../../../arm-elf/lib/thumb/interwork\libm.a(s_cos.o)
 .glue_7        0x0001cb5c        0x0 c:/asctec_arm_sdk/winarm/bin/../lib/gcc/arm-elf/4.1.1/../../../../arm-elf/lib/thumb/interwork\libm.a(s_sin.o)
 .glue_7        0x0001cb5c        0x0 c:/asctec_arm_sdk/winarm/bin/../lib/gcc/arm-elf/4.1.1/../../../../arm-elf/lib/thumb/interwork\libm.a(w_atan2.o)
 .glue_7        0x0001cb5c        0x0 c:/asctec_arm_sdk/winarm/bin/../lib/gcc/arm-elf/4.1.1/../../../../arm-elf/lib/thumb/interwork\libm.a(w_pow.o)
 .glue_7        0x0001cb5c        0x0 c:/asctec_arm_sdk/winarm/bin/../lib/gcc/arm-elf/4.1.1/../../../../arm-elf/lib/thumb/interwork\libm.a(w_sqrt.o)
 .glue_7        0x0001cb5c        0x0 c:/asctec_arm_sdk/winarm/bin/../lib/gcc/arm-elf/4.1.1/../../../../arm-elf/lib/thumb/interwork\libm.a(wf_fmod.o)
 .glue_7        0x0001cb5c        0x0 c:/asctec_arm_sdk/winarm/bin/../lib/gcc/arm-elf/4.1.1/../../../../arm-elf/lib/thumb/interwork\libm.a(wf_pow.o)
 .glue_7        0x0001cb5c        0x0 c:/asctec_arm_sdk/winarm/bin/../lib/gcc/arm-elf/4.1.1/../../../../arm-elf/lib/thumb/interwork\libm.a(e_atan2.o)
 .glue_7        0x0001cb5c        0x0 c:/asctec_arm_sdk/winarm/bin/../lib/gcc/arm-elf/4.1.1/../../../../arm-elf/lib/thumb/interwork\libm.a(e_pow.o)
 .glue_7        0x0001cb5c        0x0 c:/asctec_arm_sdk/winarm/bin/../lib/gcc/arm-elf/4.1.1/../../../../arm-elf/lib/thumb/interwork\libm.a(e_rem_pio2.o)
 .glue_7        0x0001cb5c        0x0 c:/asctec_arm_sdk/winarm/bin/../lib/gcc/arm-elf/4.1.1/../../../../arm-elf/lib/thumb/interwork\libm.a(e_sqrt.o)
 .glue_7        0x0001cb5c        0x0 c:/asctec_arm_sdk/winarm/bin/../lib/gcc/arm-elf/4.1.1/../../../../arm-elf/lib/thumb/interwork\libm.a(ef_fmod.o)
 .glue_7        0x0001cb5c        0x0 c:/asctec_arm_sdk/winarm/bin/../lib/gcc/arm-elf/4.1.1/../../../../arm-elf/lib/thumb/interwork\libm.a(ef_pow.o)
 .glue_7        0x0001cb5c        0x0 c:/asctec_arm_sdk/winarm/bin/../lib/gcc/arm-elf/4.1.1/../../../../arm-elf/lib/thumb/interwork\libm.a(ef_sqrt.o)
 .glue_7        0x0001cb5c        0x0 c:/asctec_arm_sdk/winarm/bin/../lib/gcc/arm-elf/4.1.1/../../../../arm-elf/lib/thumb/interwork\libm.a(k_cos.o)
 .glue_7        0x0001cb5c        0x0 c:/asctec_arm_sdk/winarm/bin/../lib/gcc/arm-elf/4.1.1/../../../../arm-elf/lib/thumb/interwork\libm.a(k_rem_pio2.o)
 .glue_7        0x0001cb5c        0x0 c:/asctec_arm_sdk/winarm/bin/../lib/gcc/arm-elf/4.1.1/../../../../arm-elf/lib/thumb/interwork\libm.a(k_sin.o)
 .glue_7        0x0001cb5c        0x0 c:/asctec_arm_sdk/winarm/bin/../lib/gcc/arm-elf/4.1.1/../../../../arm-elf/lib/thumb/interwork\libm.a(s_atan.o)
 .glue_7        0x0001cb5c        0x0 c:/asctec_arm_sdk/winarm/bin/../lib/gcc/arm-elf/4.1.1/../../../../arm-elf/lib/thumb/interwork\libm.a(s_fabs.o)
 .glue_7        0x0001cb5c        0x0 c:/asctec_arm_sdk/winarm/bin/../lib/gcc/arm-elf/4.1.1/../../../../arm-elf/lib/thumb/interwork\libm.a(s_finite.o)
 .glue_7        0x0001cb5c        0x0 c:/asctec_arm_sdk/winarm/bin/../lib/gcc/arm-elf/4.1.1/../../../../arm-elf/lib/thumb/interwork\libm.a(s_floor.o)
 .glue_7        0x0001cb5c        0x0 c:/asctec_arm_sdk/winarm/bin/../lib/gcc/arm-elf/4.1.1/../../../../arm-elf/lib/thumb/interwork\libm.a(s_lib_ver.o)
 .glue_7        0x0001cb5c        0x0 c:/asctec_arm_sdk/winarm/bin/../lib/gcc/arm-elf/4.1.1/../../../../arm-elf/lib/thumb/interwork\libm.a(s_matherr.o)
 .glue_7        0x0001cb5c        0x0 c:/asctec_arm_sdk/winarm/bin/../lib/gcc/arm-elf/4.1.1/../../../../arm-elf/lib/thumb/interwork\libm.a(s_rint.o)
 .glue_7        0x0001cb5c        0x0 c:/asctec_arm_sdk/winarm/bin/../lib/gcc/arm-elf/4.1.1/../../../../arm-elf/lib/thumb/interwork\libm.a(s_scalbn.o)
 .glue_7        0x0001cb5c        0x0 c:/asctec_arm_sdk/winarm/bin/../lib/gcc/arm-elf/4.1.1/../../../../arm-elf/lib/thumb/interwork\libm.a(sf_fabs.o)
 .glue_7        0x0001cb5c        0x0 c:/asctec_arm_sdk/winarm/bin/../lib/gcc/arm-elf/4.1.1/../../../../arm-elf/lib/thumb/interwork\libm.a(sf_finite.o)
 .glue_7        0x0001cb5c        0x0 c:/asctec_arm_sdk/winarm/bin/../lib/gcc/arm-elf/4.1.1/../../../../arm-elf/lib/thumb/interwork\libm.a(sf_isnan.o)
 .glue_7        0x0001cb5c        0x0 c:/asctec_arm_sdk/winarm/bin/../lib/gcc/arm-elf/4.1.1/../../../../arm-elf/lib/thumb/interwork\libm.a(sf_scalbn.o)
 .glue_7        0x0001cb5c        0x0 c:/asctec_arm_sdk/winarm/bin/../lib/gcc/arm-elf/4.1.1/../../../../arm-elf/lib/thumb/interwork\libm.a(s_copysign.o)
 .glue_7        0x0001cb5c        0x0 c:/asctec_arm_sdk/winarm/bin/../lib/gcc/arm-elf/4.1.1/../../../../arm-elf/lib/thumb/interwork\libm.a(sf_copysign.o)
 .glue_7        0x0001cb5c        0x0 c:/asctec_arm_sdk/winarm/bin/../lib/gcc/arm-elf/4.1.1/thumb/interwork\libgcc.a(_fixsfsi.o)
 .glue_7        0x0001cb5c       0x9c c:/asctec_arm_sdk/winarm/bin/../lib/gcc/arm-elf/4.1.1/../../../../arm-elf/lib/thumb/interwork\libg.a(errno.o)
                0x0001cba4                __strcpy_from_arm
                0x0001cbec                __atan2_from_arm
                0x0001cb98                __strlen_from_arm
                0x0001cb74                __cos_from_arm
                0x0001cbd4                __powf_from_arm
                0x0001cb8c                ____udivsi3_from_arm
                0x0001cb80                __sprintf_from_arm
                0x0001cb68                ____divsi3_from_arm
                0x0001cb5c                __memcpy_from_arm
                0x0001cbe0                __sin_from_arm
                0x0001cbbc                __fmodf_from_arm
                0x0001cbb0                __sqrt_from_arm
                0x0001cbc8                __pow_from_arm
 *(.glue_7t)
 .glue_7t       0x0001cbf8        0x0 Common_WinARM/src/Startup.o
 .glue_7t       0x0001cbf8        0x0 Common_WinARM/src/swi_handler.o
 .glue_7t       0x0001cbf8        0x0 LL_HL_comm.o
 .glue_7t       0x0001cbf8        0x0 mymath.o
 .glue_7t       0x0001cbf8        0x0 gpsmath.o
 .glue_7t       0x0001cbf8        0x0 sdk.o
 .glue_7t       0x0001cbf8        0x0 sdk_telemetry.o
 .glue_7t       0x0001cbf8        0x0 buzzer.o
 .glue_7t       0x0001cbf8        0x0 lpc_aci_eeprom.o
 .glue_7t       0x0001cbf8        0x0 asctecCommIntfOnboard.o
 .glue_7t       0x0001cbf8        0x0 buildInfoSetup.o
 .glue_7t       0x0001cbf8        0x0 main.o
 .glue_7t       0x0001cbf8        0x0 hardware.o
 .glue_7t       0x0001cbf8        0x0 system.o
 .glue_7t       0x0001cbf8        0x0 uart.o
 .glue_7t       0x0001cbf8        0x0 syscalls.o
 .glue_7t       0x0001cbf8        0x0 i2c.o
 .glue_7t       0x0001cbf8        0x0 i2c1.o
 .glue_7t       0x0001cbf8        0x0 Common_WinARM/src/irq.o
 .glue_7t       0x0001cbf8        0x0 adc.o
 .glue_7t       0x0001cbf8        0x0 ssp.o
 .glue_7t       0x0001cbf8        0x0 pelican_ptu.o
 .glue_7t       0x0001cbf8        0x0 jetiTelemetry.o
 .glue_7t       0x0001cbf8        0x0 LPC2k_ee.o
 .glue_7t       0x0001cbf8        0x0 lab.o
 .glue_7t       0x0001cbf8        0x0 Utilites.o
 .glue_7t       0x0001cbf8        0x0 c:/asctec_arm_sdk/winarm/bin/../lib/gcc/arm-elf/4.1.1/../../../../arm-elf/lib/thumb/interwork\libc.a(memcpy.o)
 .glue_7t       0x0001cbf8        0x0 c:/asctec_arm_sdk/winarm/bin/../lib/gcc/arm-elf/4.1.1/../../../../arm-elf/lib/thumb/interwork\libc.a(sprintf.o)
 .glue_7t       0x0001cbf8        0x0 c:/asctec_arm_sdk/winarm/bin/../lib/gcc/arm-elf/4.1.1/../../../../arm-elf/lib/thumb/interwork\libc.a(strcpy.o)
 .glue_7t       0x0001cbf8        0x0 c:/asctec_arm_sdk/winarm/bin/../lib/gcc/arm-elf/4.1.1/../../../../arm-elf/lib/thumb/interwork\libc.a(strlen.o)
 .glue_7t       0x0001cbf8        0x0 c:/asctec_arm_sdk/winarm/bin/../lib/gcc/arm-elf/4.1.1/../../../../arm-elf/lib/thumb/interwork\libc.a(vfprintf.o)
 .glue_7t       0x0001cbf8        0x0 c:/asctec_arm_sdk/winarm/bin/../lib/gcc/arm-elf/4.1.1/../../../../arm-elf/lib/thumb/interwork\libc.a(wcrtomb.o)
 .glue_7t       0x0001cbf8        0x0 c:/asctec_arm_sdk/winarm/bin/../lib/gcc/arm-elf/4.1.1/../../../../arm-elf/lib/thumb/interwork\libc.a(wcsrtombs.o)
 .glue_7t       0x0001cbf8        0x0 c:/asctec_arm_sdk/winarm/bin/../lib/gcc/arm-elf/4.1.1/../../../../arm-elf/lib/thumb/interwork\libc.a(wctomb_r.o)
 .glue_7t       0x0001cbf8        0x0 c:/asctec_arm_sdk/winarm/bin/../lib/gcc/arm-elf/4.1.1/../../../../arm-elf/lib/thumb/interwork\libc.a(wsetup.o)
 .glue_7t       0x0001cbf8        0x0 c:/asctec_arm_sdk/winarm/bin/../lib/gcc/arm-elf/4.1.1/../../../../arm-elf/lib/thumb/interwork\libc.a(dtoa.o)
 .glue_7t       0x0001cbf8        0x0 c:/asctec_arm_sdk/winarm/bin/../lib/gcc/arm-elf/4.1.1/../../../../arm-elf/lib/thumb/interwork\libc.a(fflush.o)
 .glue_7t       0x0001cbf8        0x0 c:/asctec_arm_sdk/winarm/bin/../lib/gcc/arm-elf/4.1.1/../../../../arm-elf/lib/thumb/interwork\libc.a(findfp.o)
 .glue_7t       0x0001cbf8        0x0 c:/asctec_arm_sdk/winarm/bin/../lib/gcc/arm-elf/4.1.1/../../../../arm-elf/lib/thumb/interwork\libc.a(freer.o)
 .glue_7t       0x0001cbf8        0x0 c:/asctec_arm_sdk/winarm/bin/../lib/gcc/arm-elf/4.1.1/../../../../arm-elf/lib/thumb/interwork\libc.a(fvwrite.o)
 .glue_7t       0x0001cbf8        0x0 c:/asctec_arm_sdk/winarm/bin/../lib/gcc/arm-elf/4.1.1/../../../../arm-elf/lib/thumb/interwork\libc.a(fwalk.o)
 .glue_7t       0x0001cbf8        0x0 c:/asctec_arm_sdk/winarm/bin/../lib/gcc/arm-elf/4.1.1/../../../../arm-elf/lib/thumb/interwork\libc.a(impure.o)
 .glue_7t       0x0001cbf8        0x0 c:/asctec_arm_sdk/winarm/bin/../lib/gcc/arm-elf/4.1.1/../../../../arm-elf/lib/thumb/interwork\libc.a(locale.o)
 .glue_7t       0x0001cbf8        0x0 c:/asctec_arm_sdk/winarm/bin/../lib/gcc/arm-elf/4.1.1/../../../../arm-elf/lib/thumb/interwork\libc.a(makebuf.o)
 .glue_7t       0x0001cbf8        0x0 c:/asctec_arm_sdk/winarm/bin/../lib/gcc/arm-elf/4.1.1/../../../../arm-elf/lib/thumb/interwork\libc.a(mallocr.o)
 .glue_7t       0x0001cbf8        0x0 c:/asctec_arm_sdk/winarm/bin/../lib/gcc/arm-elf/4.1.1/../../../../arm-elf/lib/thumb/interwork\libc.a(memchr.o)
 .glue_7t       0x0001cbf8        0x0 c:/asctec_arm_sdk/winarm/bin/../lib/gcc/arm-elf/4.1.1/../../../../arm-elf/lib/thumb/interwork\libc.a(memmove.o)
 .glue_7t       0x0001cbf8        0x0 c:/asctec_arm_sdk/winarm/bin/../lib/gcc/arm-elf/4.1.1/../../../../arm-elf/lib/thumb/interwork\libc.a(memset.o)
 .glue_7t       0x0001cbf8        0x0 c:/asctec_arm_sdk/winarm/bin/../lib/gcc/arm-elf/4.1.1/../../../../arm-elf/lib/thumb/interwork\libc.a(mlock.o)
 .glue_7t       0x0001cbf8        0x0 c:/asctec_arm_sdk/winarm/bin/../lib/gcc/arm-elf/4.1.1/../../../../arm-elf/lib/thumb/interwork\libc.a(mprec.o)
 .glue_7t       0x0001cbf8        0x0 c:/asctec_arm_sdk/winarm/bin/../lib/gcc/arm-elf/4.1.1/../../../../arm-elf/lib/thumb/interwork\libc.a(reallocr.o)
 .glue_7t       0x0001cbf8        0x0 c:/asctec_arm_sdk/winarm/bin/../lib/gcc/arm-elf/4.1.1/../../../../arm-elf/lib/thumb/interwork\libc.a(s_isinf.o)
 .glue_7t       0x0001cbf8        0x0 c:/asctec_arm_sdk/winarm/bin/../lib/gcc/arm-elf/4.1.1/../../../../arm-elf/lib/thumb/interwork\libc.a(s_isnan.o)
 .glue_7t       0x0001cbf8        0x0 c:/asctec_arm_sdk/winarm/bin/../lib/gcc/arm-elf/4.1.1/../../../../arm-elf/lib/thumb/interwork\libc.a(stdio.o)
 .glue_7t       0x0001cbf8        0x0 c:/asctec_arm_sdk/winarm/bin/../lib/gcc/arm-elf/4.1.1/../../../../arm-elf/lib/thumb/interwork\libc.a(strcmp.o)
 .glue_7t       0x0001cbf8        0x0 c:/asctec_arm_sdk/winarm/bin/../lib/gcc/arm-elf/4.1.1/../../../../arm-elf/lib/thumb/interwork\libc.a(callocr.o)
 .glue_7t       0x0001cbf8        0x0 c:/asctec_arm_sdk/winarm/bin/../lib/gcc/arm-elf/4.1.1/../../../../arm-elf/lib/thumb/interwork\libc.a(fclose.o)
 .glue_7t       0x0001cbf8        0x0 c:/asctec_arm_sdk/winarm/bin/../lib/gcc/arm-elf/4.1.1/thumb/interwork\libgcc.a(_udivsi3.o)
 .glue_7t       0x0001cbf8        0x0 c:/asctec_arm_sdk/winarm/bin/../lib/gcc/arm-elf/4.1.1/thumb/interwork\libgcc.a(_divsi3.o)
 .glue_7t       0x0001cbf8        0x0 c:/asctec_arm_sdk/winarm/bin/../lib/gcc/arm-elf/4.1.1/thumb/interwork\libgcc.a(_umodsi3.o)
 .glue_7t       0x0001cbf8        0x0 c:/asctec_arm_sdk/winarm/bin/../lib/gcc/arm-elf/4.1.1/thumb/interwork\libgcc.a(_modsi3.o)
 .glue_7t       0x0001cbf8        0x0 c:/asctec_arm_sdk/winarm/bin/../lib/gcc/arm-elf/4.1.1/thumb/interwork\libgcc.a(_dvmd_tls.o)
 .glue_7t       0x0001cbf8        0x0 c:/asctec_arm_sdk/winarm/bin/../lib/gcc/arm-elf/4.1.1/thumb/interwork\libgcc.a(_addsubdf3.o)
 .glue_7t       0x0001cbf8        0x0 c:/asctec_arm_sdk/winarm/bin/../lib/gcc/arm-elf/4.1.1/thumb/interwork\libgcc.a(_muldivdf3.o)
 .glue_7t       0x0001cbf8        0x0 c:/asctec_arm_sdk/winarm/bin/../lib/gcc/arm-elf/4.1.1/thumb/interwork\libgcc.a(_cmpdf2.o)
 .glue_7t       0x0001cbf8        0x0 c:/asctec_arm_sdk/winarm/bin/../lib/gcc/arm-elf/4.1.1/thumb/interwork\libgcc.a(_fixdfsi.o)
 .glue_7t       0x0001cbf8        0x0 c:/asctec_arm_sdk/winarm/bin/../lib/gcc/arm-elf/4.1.1/thumb/interwork\libgcc.a(_truncdfsf2.o)
 .glue_7t       0x0001cbf8        0x0 c:/asctec_arm_sdk/winarm/bin/../lib/gcc/arm-elf/4.1.1/thumb/interwork\libgcc.a(_addsubsf3.o)
 .glue_7t       0x0001cbf8        0x0 c:/asctec_arm_sdk/winarm/bin/../lib/gcc/arm-elf/4.1.1/thumb/interwork\libgcc.a(_muldivsf3.o)
 .glue_7t       0x0001cbf8        0x0 c:/asctec_arm_sdk/winarm/bin/../lib/gcc/arm-elf/4.1.1/thumb/interwork\libgcc.a(_cmpsf2.o)
 .glue_7t       0x0001cbf8        0x0 c:/asctec_arm_sdk/winarm/bin/../lib/gcc/arm-elf/4.1.1/thumb/interwork\libgcc.a(_fixunssfsi.o)
 .glue_7t       0x0001cbf8        0x0 ./\libdeclination.a(declination.o)
 .glue_7t       0x0001cbf8        0x0 ./\libublox.a(ublox.o)
 .glue_7t       0x0001cbf8        0x0 c:/asctec_arm_sdk/winarm/bin/../lib/gcc/arm-elf/4.1.1/../../../../arm-elf/lib/thumb/interwork\libm.a(s_cos.o)
 .glue_7t       0x0001cbf8        0x0 c:/asctec_arm_sdk/winarm/bin/../lib/gcc/arm-elf/4.1.1/../../../../arm-elf/lib/thumb/interwork\libm.a(s_sin.o)
 .glue_7t       0x0001cbf8        0x0 c:/asctec_arm_sdk/winarm/bin/../lib/gcc/arm-elf/4.1.1/../../../../arm-elf/lib/thumb/interwork\libm.a(w_atan2.o)
 .glue_7t       0x0001cbf8        0x0 c:/asctec_arm_sdk/winarm/bin/../lib/gcc/arm-elf/4.1.1/../../../../arm-elf/lib/thumb/interwork\libm.a(w_pow.o)
 .glue_7t       0x0001cbf8        0x0 c:/asctec_arm_sdk/winarm/bin/../lib/gcc/arm-elf/4.1.1/../../../../arm-elf/lib/thumb/interwork\libm.a(w_sqrt.o)
 .glue_7t       0x0001cbf8        0x0 c:/asctec_arm_sdk/winarm/bin/../lib/gcc/arm-elf/4.1.1/../../../../arm-elf/lib/thumb/interwork\libm.a(wf_fmod.o)
 .glue_7t       0x0001cbf8        0x0 c:/asctec_arm_sdk/winarm/bin/../lib/gcc/arm-elf/4.1.1/../../../../arm-elf/lib/thumb/interwork\libm.a(wf_pow.o)
 .glue_7t       0x0001cbf8        0x0 c:/asctec_arm_sdk/winarm/bin/../lib/gcc/arm-elf/4.1.1/../../../../arm-elf/lib/thumb/interwork\libm.a(e_atan2.o)
 .glue_7t       0x0001cbf8        0x0 c:/asctec_arm_sdk/winarm/bin/../lib/gcc/arm-elf/4.1.1/../../../../arm-elf/lib/thumb/interwork\libm.a(e_pow.o)
 .glue_7t       0x0001cbf8        0x0 c:/asctec_arm_sdk/winarm/bin/../lib/gcc/arm-elf/4.1.1/../../../../arm-elf/lib/thumb/interwork\libm.a(e_rem_pio2.o)
 .glue_7t       0x0001cbf8        0x0 c:/asctec_arm_sdk/winarm/bin/../lib/gcc/arm-elf/4.1.1/../../../../arm-elf/lib/thumb/interwork\libm.a(e_sqrt.o)
 .glue_7t       0x0001cbf8        0x0 c:/asctec_arm_sdk/winarm/bin/../lib/gcc/arm-elf/4.1.1/../../../../arm-elf/lib/thumb/interwork\libm.a(ef_fmod.o)
 .glue_7t       0x0001cbf8        0x0 c:/asctec_arm_sdk/winarm/bin/../lib/gcc/arm-elf/4.1.1/../../../../arm-elf/lib/thumb/interwork\libm.a(ef_pow.o)
 .glue_7t       0x0001cbf8        0x0 c:/asctec_arm_sdk/winarm/bin/../lib/gcc/arm-elf/4.1.1/../../../../arm-elf/lib/thumb/interwork\libm.a(ef_sqrt.o)
 .glue_7t       0x0001cbf8        0x0 c:/asctec_arm_sdk/winarm/bin/../lib/gcc/arm-elf/4.1.1/../../../../arm-elf/lib/thumb/interwork\libm.a(k_cos.o)
 .glue_7t       0x0001cbf8        0x0 c:/asctec_arm_sdk/winarm/bin/../lib/gcc/arm-elf/4.1.1/../../../../arm-elf/lib/thumb/interwork\libm.a(k_rem_pio2.o)
 .glue_7t       0x0001cbf8        0x0 c:/asctec_arm_sdk/winarm/bin/../lib/gcc/arm-elf/4.1.1/../../../../arm-elf/lib/thumb/interwork\libm.a(k_sin.o)
 .glue_7t       0x0001cbf8        0x0 c:/asctec_arm_sdk/winarm/bin/../lib/gcc/arm-elf/4.1.1/../../../../arm-elf/lib/thumb/interwork\libm.a(s_atan.o)
 .glue_7t       0x0001cbf8        0x0 c:/asctec_arm_sdk/winarm/bin/../lib/gcc/arm-elf/4.1.1/../../../../arm-elf/lib/thumb/interwork\libm.a(s_fabs.o)
 .glue_7t       0x0001cbf8        0x0 c:/asctec_arm_sdk/winarm/bin/../lib/gcc/arm-elf/4.1.1/../../../../arm-elf/lib/thumb/interwork\libm.a(s_finite.o)
 .glue_7t       0x0001cbf8        0x0 c:/asctec_arm_sdk/winarm/bin/../lib/gcc/arm-elf/4.1.1/../../../../arm-elf/lib/thumb/interwork\libm.a(s_floor.o)
 .glue_7t       0x0001cbf8        0x0 c:/asctec_arm_sdk/winarm/bin/../lib/gcc/arm-elf/4.1.1/../../../../arm-elf/lib/thumb/interwork\libm.a(s_lib_ver.o)
 .glue_7t       0x0001cbf8        0x0 c:/asctec_arm_sdk/winarm/bin/../lib/gcc/arm-elf/4.1.1/../../../../arm-elf/lib/thumb/interwork\libm.a(s_matherr.o)
 .glue_7t       0x0001cbf8        0x0 c:/asctec_arm_sdk/winarm/bin/../lib/gcc/arm-elf/4.1.1/../../../../arm-elf/lib/thumb/interwork\libm.a(s_rint.o)
 .glue_7t       0x0001cbf8        0x0 c:/asctec_arm_sdk/winarm/bin/../lib/gcc/arm-elf/4.1.1/../../../../arm-elf/lib/thumb/interwork\libm.a(s_scalbn.o)
 .glue_7t       0x0001cbf8        0x0 c:/asctec_arm_sdk/winarm/bin/../lib/gcc/arm-elf/4.1.1/../../../../arm-elf/lib/thumb/interwork\libm.a(sf_fabs.o)
 .glue_7t       0x0001cbf8        0x0 c:/asctec_arm_sdk/winarm/bin/../lib/gcc/arm-elf/4.1.1/../../../../arm-elf/lib/thumb/interwork\libm.a(sf_finite.o)
 .glue_7t       0x0001cbf8        0x0 c:/asctec_arm_sdk/winarm/bin/../lib/gcc/arm-elf/4.1.1/../../../../arm-elf/lib/thumb/interwork\libm.a(sf_isnan.o)
 .glue_7t       0x0001cbf8        0x0 c:/asctec_arm_sdk/winarm/bin/../lib/gcc/arm-elf/4.1.1/../../../../arm-elf/lib/thumb/interwork\libm.a(sf_scalbn.o)
 .glue_7t       0x0001cbf8        0x0 c:/asctec_arm_sdk/winarm/bin/../lib/gcc/arm-elf/4.1.1/../../../../arm-elf/lib/thumb/interwork\libm.a(s_copysign.o)
 .glue_7t       0x0001cbf8        0x0 c:/asctec_arm_sdk/winarm/bin/../lib/gcc/arm-elf/4.1.1/../../../../arm-elf/lib/thumb/interwork\libm.a(sf_copysign.o)
 .glue_7t       0x0001cbf8        0x0 c:/asctec_arm_sdk/winarm/bin/../lib/gcc/arm-elf/4.1.1/thumb/interwork\libgcc.a(_fixsfsi.o)
 .glue_7t       0x0001cbf8       0xf0 c:/asctec_arm_sdk/winarm/bin/../lib/gcc/arm-elf/4.1.1/../../../../arm-elf/lib/thumb/interwork\libg.a(errno.o)
                0x0001cc54                ___sbrk_r_change_to_arm
                0x0001cc80                ___read_r_from_thumb
                0x0001cce0                ____lesf2_from_thumb
                0x0001cc40                ____gtdf2_from_thumb
                0x0001ccb8                ____divsf3_from_thumb
                0x0001cc20                ____subdf3_from_thumb
                0x0001cbfc                ____ltdf2_change_to_arm
                0x0001cc8c                ____eqsf2_change_to_arm
                0x0001ccb0                ____ledf2_from_thumb
                0x0001ccc4                ____addsf3_change_to_arm
                0x0001cc24                ____subdf3_change_to_arm
                0x0001ccd0                ____floatsisf_from_thumb
                0x0001cc90                ____extendsfdf2_from_thumb
                0x0001cc4c                ____gedf2_change_to_arm
                0x0001cc58                ___fstat_r_from_thumb
                0x0001cc64                __isatty_change_to_arm
                0x0001cc08                ____eqdf2_from_thumb
                0x0001cc6c                ___close_r_change_to_arm
                0x0001cc84                ___read_r_change_to_arm
                0x0001cca0                ____ltsf2_from_thumb
                0x0001cc30                ____fixdfsi_from_thumb
                0x0001cc3c                ____divdf3_change_to_arm
                0x0001cce4                ____lesf2_change_to_arm
                0x0001cc48                ____gedf2_from_thumb
                0x0001cc5c                ___fstat_r_change_to_arm
                0x0001cc98                ____truncdfsf2_from_thumb
                0x0001cc2c                ____muldf3_change_to_arm
                0x0001cc74                ___lseek_r_change_to_arm
                0x0001ccbc                ____divsf3_change_to_arm
                0x0001cc34                ____fixdfsi_change_to_arm
                0x0001cc38                ____divdf3_from_thumb
                0x0001ccd8                ____gtsf2_from_thumb
                0x0001ccac                ____mulsf3_change_to_arm
                0x0001cc1c                ____adddf3_change_to_arm
                0x0001cc44                ____gtdf2_change_to_arm
                0x0001cc7c                ___write_r_change_to_arm
                0x0001cc70                ___lseek_r_from_thumb
                0x0001cc9c                ____truncdfsf2_change_to_arm
                0x0001cc94                ____extendsfdf2_change_to_arm
                0x0001cc10                ____floatsidf_from_thumb
                0x0001cbf8                ____ltdf2_from_thumb
                0x0001ccd4                ____floatsisf_change_to_arm
                0x0001cc04                ____nedf2_change_to_arm
                0x0001ccc8                ____subsf3_from_thumb
                0x0001cc18                ____adddf3_from_thumb
                0x0001cc68                ___close_r_from_thumb
                0x0001ccdc                ____gtsf2_change_to_arm
                0x0001cc0c                ____eqdf2_change_to_arm
                0x0001cca4                ____ltsf2_change_to_arm
                0x0001cca8                ____mulsf3_from_thumb
                0x0001ccc0                ____addsf3_from_thumb
                0x0001cc50                ___sbrk_r_from_thumb
                0x0001cc28                ____muldf3_from_thumb
                0x0001cc88                ____eqsf2_from_thumb
                0x0001cccc                ____subsf3_change_to_arm
                0x0001cc00                ____nedf2_from_thumb
                0x0001ccb4                ____ledf2_change_to_arm
                0x0001cc78                ___write_r_from_thumb
                0x0001cc14                ____floatsidf_change_to_arm
                0x0001cc60                __isatty_from_thumb
 *(.gcc_except_table)
 *(.rodata)
 .rodata        0x0001cce8        0x6 asctecCommIntfOnboard.o
 .rodata        0x0001ccee       0x24 buildInfoSetup.o
 *fill*         0x0001cd12        0x2 00
 .rodata        0x0001cd14      0x36c main.o
 .rodata        0x0001d080      0x184 c:/asctec_arm_sdk/winarm/bin/../lib/gcc/arm-elf/4.1.1/../../../../arm-elf/lib/thumb/interwork\libc.a(vfprintf.o)
 .rodata        0x0001d204       0x18 c:/asctec_arm_sdk/winarm/bin/../lib/gcc/arm-elf/4.1.1/../../../../arm-elf/lib/thumb/interwork\libc.a(dtoa.o)
 .rodata        0x0001d21c        0x4 c:/asctec_arm_sdk/winarm/bin/../lib/gcc/arm-elf/4.1.1/../../../../arm-elf/lib/thumb/interwork\libc.a(impure.o)
                0x0001d21c                _global_impure_ptr
 .rodata        0x0001d220       0x34 c:/asctec_arm_sdk/winarm/bin/../lib/gcc/arm-elf/4.1.1/../../../../arm-elf/lib/thumb/interwork\libc.a(locale.o)
 .rodata        0x0001d254      0x124 c:/asctec_arm_sdk/winarm/bin/../lib/gcc/arm-elf/4.1.1/../../../../arm-elf/lib/thumb/interwork\libc.a(mprec.o)
                0x0001d344                __mprec_tinytens
                0x0001d254                __mprec_tens
                0x0001d31c                __mprec_bigtens
 .rodata        0x0001d378       0xe2 ./\libublox.a(ublox.o)
 *fill*         0x0001d45a        0x2 00
 .rodata        0x0001d45c       0x30 c:/asctec_arm_sdk/winarm/bin/../lib/gcc/arm-elf/4.1.1/../../../../arm-elf/lib/thumb/interwork\libm.a(e_pow.o)
 .rodata        0x0001d48c      0x188 c:/asctec_arm_sdk/winarm/bin/../lib/gcc/arm-elf/4.1.1/../../../../arm-elf/lib/thumb/interwork\libm.a(e_rem_pio2.o)
 .rodata        0x0001d614        0x8 c:/asctec_arm_sdk/winarm/bin/../lib/gcc/arm-elf/4.1.1/../../../../arm-elf/lib/thumb/interwork\libm.a(ef_fmod.o)
 .rodata        0x0001d61c       0x18 c:/asctec_arm_sdk/winarm/bin/../lib/gcc/arm-elf/4.1.1/../../../../arm-elf/lib/thumb/interwork\libm.a(ef_pow.o)
 .rodata        0x0001d634       0x50 c:/asctec_arm_sdk/winarm/bin/../lib/gcc/arm-elf/4.1.1/../../../../arm-elf/lib/thumb/interwork\libm.a(k_rem_pio2.o)
 .rodata        0x0001d684       0x40 c:/asctec_arm_sdk/winarm/bin/../lib/gcc/arm-elf/4.1.1/../../../../arm-elf/lib/thumb/interwork\libm.a(s_atan.o)
 .rodata        0x0001d6c4        0x4 c:/asctec_arm_sdk/winarm/bin/../lib/gcc/arm-elf/4.1.1/../../../../arm-elf/lib/thumb/interwork\libm.a(s_lib_ver.o)
                0x0001d6c4                __fdlib_version
 .rodata        0x0001d6c8       0x10 c:/asctec_arm_sdk/winarm/bin/../lib/gcc/arm-elf/4.1.1/../../../../arm-elf/lib/thumb/interwork\libm.a(s_rint.o)
 *(.rodata*)
 .rodata.str1.4
                0x0001d6d8      0x1ff sdk_telemetry.o
                                0x204 (size before relaxing)
 *fill*         0x0001d8d7        0x1 00
 .rodata.str1.4
                0x0001d8d8        0xc buildInfoSetup.o
 .rodata.str1.4
                0x0001d8e4       0x63 c:/asctec_arm_sdk/winarm/bin/../lib/gcc/arm-elf/4.1.1/../../../../arm-elf/lib/thumb/interwork\libc.a(vfprintf.o)
                                 0x64 (size before relaxing)
 *fill*         0x0001d947        0x1 00
 .rodata.str1.4
                0x0001d948       0x1e c:/asctec_arm_sdk/winarm/bin/../lib/gcc/arm-elf/4.1.1/../../../../arm-elf/lib/thumb/interwork\libc.a(wctomb_r.o)
                                 0x20 (size before relaxing)
 *fill*         0x0001d966        0x2 00
 .rodata.str1.4
                0x0001d968       0x10 c:/asctec_arm_sdk/winarm/bin/../lib/gcc/arm-elf/4.1.1/../../../../arm-elf/lib/thumb/interwork\libc.a(dtoa.o)
                                 0x14 (size before relaxing)
 .rodata.str1.4
                0x0001d978        0x2 c:/asctec_arm_sdk/winarm/bin/../lib/gcc/arm-elf/4.1.1/../../../../arm-elf/lib/thumb/interwork\libc.a(impure.o)
                                  0x4 (size before relaxing)
 *fill*         0x0001d97a        0x2 00
 .rodata.str1.4
                0x0001d97c        0xb c:/asctec_arm_sdk/winarm/bin/../lib/gcc/arm-elf/4.1.1/../../../../arm-elf/lib/thumb/interwork\libc.a(locale.o)
                                 0x18 (size before relaxing)
 *fill*         0x0001d987        0x1 00
 .rodata.str1.4
                0x0001d988        0x6 c:/asctec_arm_sdk/winarm/bin/../lib/gcc/arm-elf/4.1.1/../../../../arm-elf/lib/thumb/interwork\libm.a(w_atan2.o)
                                  0x8 (size before relaxing)
 *fill*         0x0001d98e        0x2 00
 .rodata.str1.4
                0x0001d990        0x4 c:/asctec_arm_sdk/winarm/bin/../lib/gcc/arm-elf/4.1.1/../../../../arm-elf/lib/thumb/interwork\libm.a(w_pow.o)
 .rodata.str1.4
                0x0001d994        0x5 c:/asctec_arm_sdk/winarm/bin/../lib/gcc/arm-elf/4.1.1/../../../../arm-elf/lib/thumb/interwork\libm.a(w_sqrt.o)
                                  0x8 (size before relaxing)
 *fill*         0x0001d999        0x3 00
 .rodata.str1.4
                0x0001d99c        0x6 c:/asctec_arm_sdk/winarm/bin/../lib/gcc/arm-elf/4.1.1/../../../../arm-elf/lib/thumb/interwork\libm.a(wf_fmod.o)
                                  0x8 (size before relaxing)
 *fill*         0x0001d9a2        0x2 00
 .rodata.str1.4
                0x0001d9a4        0x8 c:/asctec_arm_sdk/winarm/bin/../lib/gcc/arm-elf/4.1.1/../../../../arm-elf/lib/thumb/interwork\libm.a(wf_pow.o)
 *(.gnu.linkonce.r.*)
                0x0001d9ac                . = ALIGN (0x4)
                0x0001d9ac                . = ALIGN (0x4)

.ctors          0x0001d9ac        0x0
                0x0001d9ac                PROVIDE (__ctors_start__, .)
 *(SORT(.ctors.*))
 *(.ctors)
                0x0001d9ac                . = ALIGN (0x4)
                0x0001d9ac                PROVIDE (__ctors_end__, .)
                0x0001d9ac                . = ALIGN (0x4)

.dtors          0x0001d9ac        0x0
                0x0001d9ac                PROVIDE (__dtors_start__, .)
 *(SORT(.dtors.*))
 *(.dtors)
                0x0001d9ac                . = ALIGN (0x4)
                0x0001d9ac                PROVIDE (__dtors_end__, .)
                0x0001d9ac                . = ALIGN (0x4)
                0x0001d9ac                . = ALIGN (0x4)
                0x0001d9ac                _etext = .
                0x0001d9ac                PROVIDE (etext, .)

.data           0x40000000      0xe90 load address 0x0001d9ac
                0x40000000                _data = .
 *(.vectmapped)
                0x40000000                . = ALIGN (0x4)
 *(.fastrun)
                0x40000000                . = ALIGN (0x4)
                0x40000000                . = ALIGN (0x4)
 *(.data)
 .data          0x40000000        0x0 Common_WinARM/src/Startup.o
 .data          0x40000000        0x0 Common_WinARM/src/swi_handler.o
 .data          0x40000000        0x0 LL_HL_comm.o
 .data          0x40000000        0x0 mymath.o
 .data          0x40000000        0x0 gpsmath.o
 .data          0x40000000        0xc sdk.o
                0x40000000                firebit
                0x40000004                SPItxDone
 .data          0x4000000c        0x0 sdk_telemetry.o
 .data          0x4000000c        0xc buzzer.o
                0x40000010                ALARM_battery_warning_voltage_low
                0x4000000e                ALARM_battery_warning_voltage_high
                0x4000000c                buzzer_warnings
 .data          0x40000018        0x0 lpc_aci_eeprom.o
 .data          0x40000018       0x14 asctecCommIntfOnboard.o
                0x40000018                aciVarPacketTransmissionRate
                0x4000002a                aciMagicCodePar
                0x4000001e                entry_exist
                0x40000028                aciMagicCodeCmd
                0x40000024                aciHeartBeatTimeout
                0x40000026                aciMagicCodeVar
                0x40000020                aciEngineRate
 .data          0x4000002c        0x0 buildInfoSetup.o
 .data          0x4000002c        0x3 main.o
                0x4000002c                DataOutputsPerSecond
                0x4000002d                PTU_cam_option_4_version
 .data          0x4000002f        0x0 hardware.o
 .data          0x4000002f        0x0 system.o
 .data          0x4000002f        0x7 uart.o
                0x40000033                stopstring
                0x40000030                startstring
                0x4000002f                chksum_trigger
 .data          0x40000036        0x0 syscalls.o
 .data          0x40000036        0x0 i2c.o
 .data          0x40000036        0x0 i2c1.o
 .data          0x40000036        0x0 Common_WinARM/src/irq.o
 .data          0x40000036        0x0 adc.o
 .data          0x40000036        0x3 ssp.o
                0x40000037                SSP_receiption_complete
                0x40000038                data_sent_to_HL
                0x40000036                data_sent_to_LL
 .data          0x40000039        0x0 pelican_ptu.o
 .data          0x40000039        0x0 jetiTelemetry.o
 .data          0x40000039        0x0 LPC2k_ee.o
 *fill*         0x40000039        0x3 00
 .data          0x4000003c       0xdc lab.o
                0x40000040                kF
                0x40000054                K
                0x40000114                g
                0x40000048                l
                0x4000004c                MAXPHI2
                0x40000044                kM
                0x40000050                MINPHI2
                0x4000003c                mass
 .data          0x40000118        0x0 Utilites.o
 .data          0x40000118        0x0 c:/asctec_arm_sdk/winarm/bin/../lib/gcc/arm-elf/4.1.1/../../../../arm-elf/lib/thumb/interwork\libc.a(memcpy.o)
 .data          0x40000118        0x0 c:/asctec_arm_sdk/winarm/bin/../lib/gcc/arm-elf/4.1.1/../../../../arm-elf/lib/thumb/interwork\libc.a(sprintf.o)
 .data          0x40000118        0x0 c:/asctec_arm_sdk/winarm/bin/../lib/gcc/arm-elf/4.1.1/../../../../arm-elf/lib/thumb/interwork\libc.a(strcpy.o)
 .data          0x40000118        0x0 c:/asctec_arm_sdk/winarm/bin/../lib/gcc/arm-elf/4.1.1/../../../../arm-elf/lib/thumb/interwork\libc.a(strlen.o)
 .data          0x40000118        0x0 c:/asctec_arm_sdk/winarm/bin/../lib/gcc/arm-elf/4.1.1/../../../../arm-elf/lib/thumb/interwork\libc.a(vfprintf.o)
 .data          0x40000118        0x0 c:/asctec_arm_sdk/winarm/bin/../lib/gcc/arm-elf/4.1.1/../../../../arm-elf/lib/thumb/interwork\libc.a(wcrtomb.o)
 .data          0x40000118        0x0 c:/asctec_arm_sdk/winarm/bin/../lib/gcc/arm-elf/4.1.1/../../../../arm-elf/lib/thumb/interwork\libc.a(wcsrtombs.o)
 .data          0x40000118        0x0 c:/asctec_arm_sdk/winarm/bin/../lib/gcc/arm-elf/4.1.1/../../../../arm-elf/lib/thumb/interwork\libc.a(wctomb_r.o)
 .data          0x40000118        0x0 c:/asctec_arm_sdk/winarm/bin/../lib/gcc/arm-elf/4.1.1/../../../../arm-elf/lib/thumb/interwork\libc.a(wsetup.o)
 .data          0x40000118        0x0 c:/asctec_arm_sdk/winarm/bin/../lib/gcc/arm-elf/4.1.1/../../../../arm-elf/lib/thumb/interwork\libc.a(dtoa.o)
 .data          0x40000118        0x0 c:/asctec_arm_sdk/winarm/bin/../lib/gcc/arm-elf/4.1.1/../../../../arm-elf/lib/thumb/interwork\libc.a(fflush.o)
 .data          0x40000118        0x0 c:/asctec_arm_sdk/winarm/bin/../lib/gcc/arm-elf/4.1.1/../../../../arm-elf/lib/thumb/interwork\libc.a(findfp.o)
 .data          0x40000118        0x0 c:/asctec_arm_sdk/winarm/bin/../lib/gcc/arm-elf/4.1.1/../../../../arm-elf/lib/thumb/interwork\libc.a(freer.o)
 .data          0x40000118        0x0 c:/asctec_arm_sdk/winarm/bin/../lib/gcc/arm-elf/4.1.1/../../../../arm-elf/lib/thumb/interwork\libc.a(fvwrite.o)
 .data          0x40000118        0x0 c:/asctec_arm_sdk/winarm/bin/../lib/gcc/arm-elf/4.1.1/../../../../arm-elf/lib/thumb/interwork\libc.a(fwalk.o)
 .data          0x40000118      0x404 c:/asctec_arm_sdk/winarm/bin/../lib/gcc/arm-elf/4.1.1/../../../../arm-elf/lib/thumb/interwork\libc.a(impure.o)
                0x40000118                _impure_ptr
 .data          0x4000051c       0x10 c:/asctec_arm_sdk/winarm/bin/../lib/gcc/arm-elf/4.1.1/../../../../arm-elf/lib/thumb/interwork\libc.a(locale.o)
                0x4000051c                __mb_cur_max
                0x40000520                __lc_ctype
 .data          0x4000052c        0x0 c:/asctec_arm_sdk/winarm/bin/../lib/gcc/arm-elf/4.1.1/../../../../arm-elf/lib/thumb/interwork\libc.a(makebuf.o)
 .data          0x4000052c      0x410 c:/asctec_arm_sdk/winarm/bin/../lib/gcc/arm-elf/4.1.1/../../../../arm-elf/lib/thumb/interwork\libc.a(mallocr.o)
                0x40000938                __malloc_sbrk_base
                0x4000052c                __malloc_av_
                0x40000934                __malloc_trim_threshold
 .data          0x4000093c        0x0 c:/asctec_arm_sdk/winarm/bin/../lib/gcc/arm-elf/4.1.1/../../../../arm-elf/lib/thumb/interwork\libc.a(memchr.o)
 .data          0x4000093c        0x0 c:/asctec_arm_sdk/winarm/bin/../lib/gcc/arm-elf/4.1.1/../../../../arm-elf/lib/thumb/interwork\libc.a(memmove.o)
 .data          0x4000093c        0x0 c:/asctec_arm_sdk/winarm/bin/../lib/gcc/arm-elf/4.1.1/../../../../arm-elf/lib/thumb/interwork\libc.a(memset.o)
 .data          0x4000093c        0x0 c:/asctec_arm_sdk/winarm/bin/../lib/gcc/arm-elf/4.1.1/../../../../arm-elf/lib/thumb/interwork\libc.a(mlock.o)
 .data          0x4000093c        0x0 c:/asctec_arm_sdk/winarm/bin/../lib/gcc/arm-elf/4.1.1/../../../../arm-elf/lib/thumb/interwork\libc.a(mprec.o)
 .data          0x4000093c        0x0 c:/asctec_arm_sdk/winarm/bin/../lib/gcc/arm-elf/4.1.1/../../../../arm-elf/lib/thumb/interwork\libc.a(reallocr.o)
 .data          0x4000093c        0x0 c:/asctec_arm_sdk/winarm/bin/../lib/gcc/arm-elf/4.1.1/../../../../arm-elf/lib/thumb/interwork\libc.a(s_isinf.o)
 .data          0x4000093c        0x0 c:/asctec_arm_sdk/winarm/bin/../lib/gcc/arm-elf/4.1.1/../../../../arm-elf/lib/thumb/interwork\libc.a(s_isnan.o)
 .data          0x4000093c        0x0 c:/asctec_arm_sdk/winarm/bin/../lib/gcc/arm-elf/4.1.1/../../../../arm-elf/lib/thumb/interwork\libc.a(stdio.o)
 .data          0x4000093c        0x0 c:/asctec_arm_sdk/winarm/bin/../lib/gcc/arm-elf/4.1.1/../../../../arm-elf/lib/thumb/interwork\libc.a(strcmp.o)
 .data          0x4000093c        0x0 c:/asctec_arm_sdk/winarm/bin/../lib/gcc/arm-elf/4.1.1/../../../../arm-elf/lib/thumb/interwork\libc.a(callocr.o)
 .data          0x4000093c        0x0 c:/asctec_arm_sdk/winarm/bin/../lib/gcc/arm-elf/4.1.1/../../../../arm-elf/lib/thumb/interwork\libc.a(fclose.o)
 .data          0x4000093c        0x0 c:/asctec_arm_sdk/winarm/bin/../lib/gcc/arm-elf/4.1.1/thumb/interwork\libgcc.a(_udivsi3.o)
 .data          0x4000093c        0x0 c:/asctec_arm_sdk/winarm/bin/../lib/gcc/arm-elf/4.1.1/thumb/interwork\libgcc.a(_divsi3.o)
 .data          0x4000093c        0x0 c:/asctec_arm_sdk/winarm/bin/../lib/gcc/arm-elf/4.1.1/thumb/interwork\libgcc.a(_umodsi3.o)
 .data          0x4000093c        0x0 c:/asctec_arm_sdk/winarm/bin/../lib/gcc/arm-elf/4.1.1/thumb/interwork\libgcc.a(_modsi3.o)
 .data          0x4000093c        0x0 c:/asctec_arm_sdk/winarm/bin/../lib/gcc/arm-elf/4.1.1/thumb/interwork\libgcc.a(_dvmd_tls.o)
 .data          0x4000093c        0x0 c:/asctec_arm_sdk/winarm/bin/../lib/gcc/arm-elf/4.1.1/thumb/interwork\libgcc.a(_addsubdf3.o)
 .data          0x4000093c        0x0 c:/asctec_arm_sdk/winarm/bin/../lib/gcc/arm-elf/4.1.1/thumb/interwork\libgcc.a(_muldivdf3.o)
 .data          0x4000093c        0x0 c:/asctec_arm_sdk/winarm/bin/../lib/gcc/arm-elf/4.1.1/thumb/interwork\libgcc.a(_cmpdf2.o)
 .data          0x4000093c        0x0 c:/asctec_arm_sdk/winarm/bin/../lib/gcc/arm-elf/4.1.1/thumb/interwork\libgcc.a(_fixdfsi.o)
 .data          0x4000093c        0x0 c:/asctec_arm_sdk/winarm/bin/../lib/gcc/arm-elf/4.1.1/thumb/interwork\libgcc.a(_truncdfsf2.o)
 .data          0x4000093c        0x0 c:/asctec_arm_sdk/winarm/bin/../lib/gcc/arm-elf/4.1.1/thumb/interwork\libgcc.a(_addsubsf3.o)
 .data          0x4000093c        0x0 c:/asctec_arm_sdk/winarm/bin/../lib/gcc/arm-elf/4.1.1/thumb/interwork\libgcc.a(_muldivsf3.o)
 .data          0x4000093c        0x0 c:/asctec_arm_sdk/winarm/bin/../lib/gcc/arm-elf/4.1.1/thumb/interwork\libgcc.a(_cmpsf2.o)
 .data          0x4000093c        0x0 c:/asctec_arm_sdk/winarm/bin/../lib/gcc/arm-elf/4.1.1/thumb/interwork\libgcc.a(_fixunssfsi.o)
 .data          0x4000093c      0x54c ./\libdeclination.a(declination.o)
 .data          0x40000e88        0x8 ./\libublox.a(ublox.o)
                0x40000e88                gpsLEDTrigger
 .data          0x40000e90        0x0 c:/asctec_arm_sdk/winarm/bin/../lib/gcc/arm-elf/4.1.1/../../../../arm-elf/lib/thumb/interwork\libm.a(s_cos.o)
 .data          0x40000e90        0x0 c:/asctec_arm_sdk/winarm/bin/../lib/gcc/arm-elf/4.1.1/../../../../arm-elf/lib/thumb/interwork\libm.a(s_sin.o)
 .data          0x40000e90        0x0 c:/asctec_arm_sdk/winarm/bin/../lib/gcc/arm-elf/4.1.1/../../../../arm-elf/lib/thumb/interwork\libm.a(w_atan2.o)
 .data          0x40000e90        0x0 c:/asctec_arm_sdk/winarm/bin/../lib/gcc/arm-elf/4.1.1/../../../../arm-elf/lib/thumb/interwork\libm.a(w_pow.o)
 .data          0x40000e90        0x0 c:/asctec_arm_sdk/winarm/bin/../lib/gcc/arm-elf/4.1.1/../../../../arm-elf/lib/thumb/interwork\libm.a(w_sqrt.o)
 .data          0x40000e90        0x0 c:/asctec_arm_sdk/winarm/bin/../lib/gcc/arm-elf/4.1.1/../../../../arm-elf/lib/thumb/interwork\libm.a(wf_fmod.o)
 .data          0x40000e90        0x0 c:/asctec_arm_sdk/winarm/bin/../lib/gcc/arm-elf/4.1.1/../../../../arm-elf/lib/thumb/interwork\libm.a(wf_pow.o)
 .data          0x40000e90        0x0 c:/asctec_arm_sdk/winarm/bin/../lib/gcc/arm-elf/4.1.1/../../../../arm-elf/lib/thumb/interwork\libm.a(e_atan2.o)
 .data          0x40000e90        0x0 c:/asctec_arm_sdk/winarm/bin/../lib/gcc/arm-elf/4.1.1/../../../../arm-elf/lib/thumb/interwork\libm.a(e_pow.o)
 .data          0x40000e90        0x0 c:/asctec_arm_sdk/winarm/bin/../lib/gcc/arm-elf/4.1.1/../../../../arm-elf/lib/thumb/interwork\libm.a(e_rem_pio2.o)
 .data          0x40000e90        0x0 c:/asctec_arm_sdk/winarm/bin/../lib/gcc/arm-elf/4.1.1/../../../../arm-elf/lib/thumb/interwork\libm.a(e_sqrt.o)
 .data          0x40000e90        0x0 c:/asctec_arm_sdk/winarm/bin/../lib/gcc/arm-elf/4.1.1/../../../../arm-elf/lib/thumb/interwork\libm.a(ef_fmod.o)
 .data          0x40000e90        0x0 c:/asctec_arm_sdk/winarm/bin/../lib/gcc/arm-elf/4.1.1/../../../../arm-elf/lib/thumb/interwork\libm.a(ef_pow.o)
 .data          0x40000e90        0x0 c:/asctec_arm_sdk/winarm/bin/../lib/gcc/arm-elf/4.1.1/../../../../arm-elf/lib/thumb/interwork\libm.a(ef_sqrt.o)
 .data          0x40000e90        0x0 c:/asctec_arm_sdk/winarm/bin/../lib/gcc/arm-elf/4.1.1/../../../../arm-elf/lib/thumb/interwork\libm.a(k_cos.o)
 .data          0x40000e90        0x0 c:/asctec_arm_sdk/winarm/bin/../lib/gcc/arm-elf/4.1.1/../../../../arm-elf/lib/thumb/interwork\libm.a(k_rem_pio2.o)
 .data          0x40000e90        0x0 c:/asctec_arm_sdk/winarm/bin/../lib/gcc/arm-elf/4.1.1/../../../../arm-elf/lib/thumb/interwork\libm.a(k_sin.o)
 .data          0x40000e90        0x0 c:/asctec_arm_sdk/winarm/bin/../lib/gcc/arm-elf/4.1.1/../../../../arm-elf/lib/thumb/interwork\libm.a(s_atan.o)
 .data          0x40000e90        0x0 c:/asctec_arm_sdk/winarm/bin/../lib/gcc/arm-elf/4.1.1/../../../../arm-elf/lib/thumb/interwork\libm.a(s_fabs.o)
 .data          0x40000e90        0x0 c:/asctec_arm_sdk/winarm/bin/../lib/gcc/arm-elf/4.1.1/../../../../arm-elf/lib/thumb/interwork\libm.a(s_finite.o)
 .data          0x40000e90        0x0 c:/asctec_arm_sdk/winarm/bin/../lib/gcc/arm-elf/4.1.1/../../../../arm-elf/lib/thumb/interwork\libm.a(s_floor.o)
 .data          0x40000e90        0x0 c:/asctec_arm_sdk/winarm/bin/../lib/gcc/arm-elf/4.1.1/../../../../arm-elf/lib/thumb/interwork\libm.a(s_lib_ver.o)
 .data          0x40000e90        0x0 c:/asctec_arm_sdk/winarm/bin/../lib/gcc/arm-elf/4.1.1/../../../../arm-elf/lib/thumb/interwork\libm.a(s_matherr.o)
 .data          0x40000e90        0x0 c:/asctec_arm_sdk/winarm/bin/../lib/gcc/arm-elf/4.1.1/../../../../arm-elf/lib/thumb/interwork\libm.a(s_rint.o)
 .data          0x40000e90        0x0 c:/asctec_arm_sdk/winarm/bin/../lib/gcc/arm-elf/4.1.1/../../../../arm-elf/lib/thumb/interwork\libm.a(s_scalbn.o)
 .data          0x40000e90        0x0 c:/asctec_arm_sdk/winarm/bin/../lib/gcc/arm-elf/4.1.1/../../../../arm-elf/lib/thumb/interwork\libm.a(sf_fabs.o)
 .data          0x40000e90        0x0 c:/asctec_arm_sdk/winarm/bin/../lib/gcc/arm-elf/4.1.1/../../../../arm-elf/lib/thumb/interwork\libm.a(sf_finite.o)
 .data          0x40000e90        0x0 c:/asctec_arm_sdk/winarm/bin/../lib/gcc/arm-elf/4.1.1/../../../../arm-elf/lib/thumb/interwork\libm.a(sf_isnan.o)
 .data          0x40000e90        0x0 c:/asctec_arm_sdk/winarm/bin/../lib/gcc/arm-elf/4.1.1/../../../../arm-elf/lib/thumb/interwork\libm.a(sf_scalbn.o)
 .data          0x40000e90        0x0 c:/asctec_arm_sdk/winarm/bin/../lib/gcc/arm-elf/4.1.1/../../../../arm-elf/lib/thumb/interwork\libm.a(s_copysign.o)
 .data          0x40000e90        0x0 c:/asctec_arm_sdk/winarm/bin/../lib/gcc/arm-elf/4.1.1/../../../../arm-elf/lib/thumb/interwork\libm.a(sf_copysign.o)
 .data          0x40000e90        0x0 c:/asctec_arm_sdk/winarm/bin/../lib/gcc/arm-elf/4.1.1/thumb/interwork\libgcc.a(_fixsfsi.o)
 .data          0x40000e90        0x0 c:/asctec_arm_sdk/winarm/bin/../lib/gcc/arm-elf/4.1.1/../../../../arm-elf/lib/thumb/interwork\libg.a(errno.o)
 *(.data.*)
 *(.gnu.linkonce.d*)
                0x40000e90                . = ALIGN (0x4)
                0x40000e90                . = ALIGN (0x4)
                0x40000e90                _edata = .
                0x40000e90                PROVIDE (edata, .)

.bss            0x40000e90     0x4a58
                0x40000e90                __bss_start = .
                0x40000e90                __bss_start__ = .
 *(.bss)
 .bss           0x40000e90        0x0 Common_WinARM/src/Startup.o
 .bss           0x40000e90        0x0 Common_WinARM/src/swi_handler.o
 .bss           0x40000e90       0x24 LL_HL_comm.o
                0x40000e9a                transmitBuildInfoTrigger
                0x40000e96                wpCtrlNavStatus
                0x40000e94                wpCtrlAckTrigger
                0x40000e93                wpCtrlWpCmdUpdated
                0x40000e98                wpCtrlDistToWp
                0x40000e92                wpCtrlWpCmd
                0x40000e90                SSP_ack
 .bss           0x40000eb4        0x0 mymath.o
 .bss           0x40000eb4        0x4 gpsmath.o
                0x40000eb4                gpsDataOkTrigger
 .bss           0x40000eb8       0x64 sdk.o
                0x40000edc                SwitchTimer
                0x40000ecc                f28027_ready
                0x40000ee0                readSwitchbit
                0x40000ebc                my_sdkloop_counter
                0x40000ec0                UsonicTimer
                0x40000ef4                SPItxSize
                0x40000ed0                UsonicData
                0x40000ee4                MagnetSwitch
                0x40000ef0                SPItxCount
                0x40000ec8                SPI0command
                0x40000eb9                wpExampleActive
                0x40000eec                GotMagnet
                0x40000efc                testcount
                0x40000ef8                numMissedTx
                0x40000ec4                SPI0data
                0x40000ee8                NewMagnetSwitch
                0x40000eba                emergencyModeUpdate
                0x40000ed4                NewUsonicData
                0x40000eb8                wpExampleWpNr
                0x40000ed8                USMaxBot_range1
 .bss           0x40000f1c        0x3 sdk_telemetry.o
 *fill*         0x40000f1f        0x1 00
 .bss           0x40000f20       0x14 buzzer.o
 .bss           0x40000f34        0x4 lpc_aci_eeprom.o
                0x40000f34                anz_param_saved
 .bss           0x40000f38       0x74 asctecCommIntfOnboard.o
                0x40000f84                aciHeartBeatCnt
                0x40000f90                aciAddDatatoFlashCallback
                0x40000f3c                aciListCmdCount
                0x40000f66                aciParPacketMagicCode
                0x40000fa0                aciSendSingleCount
                0x40000f8c                aciReadWriteEndCallback
                0x40000f5a                aciCmdPacketMagicCode
                0x40000f94                aciReadParafromFlashCallback
                0x40000f86                aciInhibitPacketTransmission
                0x40000f38                aciListVarCount
                0x40000f5d                aciCmdPacketWithACK
                0x40000f82                aciTxRingBufferReadPtr
                0x40000f60                aciCmdPacketSendAck
                0x40000fa2                aciSendSingleNextBufferCount
                0x40000f74                aciEngineRateCounter
                0x40000f63                aciCmdPacketReceived
                0x40000f88                aciReadWriteStartCallback
                0x40000f40                aciListParCount
                0x40000f48                aciVarPacketCurrentSize
                0x40000f72                aciParamSaveIt
                0x40000f69                aciParPacketSendAck
                0x40000f4e                aciVarPacketNumberOfVars
                0x40000f80                aciTxRingBufferWritePtr
                0x40000f44                aciVarPacketMagicCode
                0x40000f54                aciVarPacketUpdated
                0x40000f9c                aciWriteParatoFlashCallback
                0x40000f6c                aciParamPacketReceived
                0x40000f6f                aciParPacketRequest
                0x40000f98                aciSaveParaCallback
 .bss           0x40000fac        0x0 buildInfoSetup.o
 .bss           0x40000fac       0x28 main.o
                0x40000fbc                GPS_timeout
                0x40000fb0                cnt
                0x40000fb4                mainloop_cnt
                0x40000fc5                fireflyLedEnabled
                0x40000fac                int_cnt
                0x40000fc4                SYSTEM_initialized
                0x40000fc0                trigger_cnt
                0x40000fb8                mainloop_trigger
                0x40000fc6                mainloop_overflows
 .bss           0x40000fd4        0x0 hardware.o
 .bss           0x40000fd4        0x0 system.o
 .bss           0x40000fd4      0x32c uart.o
                0x40000fdb                UART1_syncstate
                0x40000fd9                baudrate1_change
                0x40000fd6                transmission_running
                0x40000fd8                trigger_transmission
                0x40000fe0                UART1_rxcount
                0x40000fd4                data_requested
                0x40000fd5                chksum_to_check
                0x40000fdc                UART_rxcount
                0x40000fda                UART_syncstate
                0x40000fd7                transmission1_running
                0x40000fe4                UART_CalibDoneFlag
 .bss           0x40001300        0x4 syscalls.o
 .bss           0x40001304       0x14 i2c.o
                0x40001310                RdIndex
                0x40001304                I2CMasterState
                0x40001308                I2CSlaveState
                0x4000130c                I2CCount
                0x40001314                WrIndex
 .bss           0x40001318       0x14 i2c1.o
                0x40001320                WrIndex1
                0x4000131c                I2C1Count
                0x40001318                I2C1MasterState
                0x40001324                lastI2c1Error
 .bss           0x4000132c        0x0 Common_WinARM/src/irq.o
 .bss           0x4000132c        0x8 adc.o
                0x40001330                ADC1IntDone
                0x4000132c                ADC0IntDone
 .bss           0x40001334        0x4 ssp.o
                0x40001334                SSP_trans_cnt
 .bss           0x40001338       0x24 pelican_ptu.o